<!doctype html public "-//w3c//dtd html 4.0 transitional//en">
<html><head>
<title>Static Call Graph - [STM32F411E-Discovery\STM32F411E-Discovery.axf]</title></head>
<body><HR>
<H1>Static Call Graph for image STM32F411E-Discovery\STM32F411E-Discovery.axf</H1><HR>
<BR><P>#&#060CALLGRAPH&#062# ARM Linker, 5060960: Last Updated: Tue Mar 15 21:55:34 2022
<BR><P>
<H3>Maximum Stack Usage =      16212 bytes + Unknown(Functions without stacksize, Cycles, Untraceable Function Pointers)</H3><H3>
Call chain for Maximum Stack Depth:</H3>
__rt_entry_main &rArr; main &rArr; AudioRecord_Test &rArr; codec2_decode &rArr; codec2_decode_ber &rArr; codec2_decode_1600 &rArr; aks_to_M2 &rArr; lpc_post_filter &rArr; codec2_fftr &rArr; arm_rfft_fast_f32 &rArr; arm_cfft_f32 &rArr; arm_cfft_radix8by4_f32 &rArr; arm_radix8_butterfly_f32
<P>
<H3>
Functions with no stack information
</H3><UL>
 <LI><a href="#[9b]">__user_initial_stackheap</a>
</UL>
</UL>
<P>
<H3>
Mutually Recursive functions
</H3> <LI><a href="#[31]">ADC_IRQHandler</a>&nbsp;&nbsp;&nbsp;&rArr;&nbsp;&nbsp;&nbsp;<a href="#[31]">ADC_IRQHandler</a><BR>
</UL>
<P>
<H3>
Function Pointers
</H3><UL>
 <LI><a href="#[31]">ADC_IRQHandler</a> from startup_stm32f411xe.o(.text) referenced from startup_stm32f411xe.o(RESET)
 <LI><a href="#[19]">BusFault_Handler</a> from stm32f4xx_it.o(i.BusFault_Handler) referenced from startup_stm32f411xe.o(RESET)
 <LI><a href="#[67]">D128_1CH_HTONS_VOL_HP</a> from pdm_filter.o(i.D128_1CH_HTONS_VOL_HP) referenced from pdm_filter.o(i.PDM_Filter_setConfig)
 <LI><a href="#[6e]">D128_GENERIC</a> from pdm_filter.o(i.D128_GENERIC) referenced from pdm_filter.o(i.PDM_Filter_setConfig)
 <LI><a href="#[61]">D16_1CH_HTONS_VOL_HP</a> from pdm_filter.o(i.D16_1CH_HTONS_VOL_HP) referenced from pdm_filter.o(i.PDM_Filter_setConfig)
 <LI><a href="#[68]">D16_GENERIC</a> from pdm_filter.o(i.D16_GENERIC) referenced from pdm_filter.o(i.PDM_Filter_setConfig)
 <LI><a href="#[62]">D24_1CH_HTONS_VOL_HP</a> from pdm_filter.o(i.D24_1CH_HTONS_VOL_HP) referenced from pdm_filter.o(i.PDM_Filter_setConfig)
 <LI><a href="#[69]">D24_GENERIC</a> from pdm_filter.o(i.D24_GENERIC) referenced from pdm_filter.o(i.PDM_Filter_setConfig)
 <LI><a href="#[63]">D32_1CH_HTONS_VOL_HP</a> from pdm_filter.o(i.D32_1CH_HTONS_VOL_HP) referenced from pdm_filter.o(i.PDM_Filter_setConfig)
 <LI><a href="#[6a]">D32_GENERIC</a> from pdm_filter.o(i.D32_GENERIC) referenced from pdm_filter.o(i.PDM_Filter_setConfig)
 <LI><a href="#[64]">D48_1CH_HTONS_VOL_HP</a> from pdm_filter.o(i.D48_1CH_HTONS_VOL_HP) referenced from pdm_filter.o(i.PDM_Filter_setConfig)
 <LI><a href="#[6b]">D48_GENERIC</a> from pdm_filter.o(i.D48_GENERIC) referenced from pdm_filter.o(i.PDM_Filter_setConfig)
 <LI><a href="#[65]">D64_1CH_HTONS_VOL_HP</a> from pdm_filter.o(i.D64_1CH_HTONS_VOL_HP) referenced from pdm_filter.o(i.PDM_Filter_setConfig)
 <LI><a href="#[6c]">D64_GENERIC</a> from pdm_filter.o(i.D64_GENERIC) referenced from pdm_filter.o(i.PDM_Filter_setConfig)
 <LI><a href="#[66]">D80_1CH_HTONS_VOL_HP</a> from pdm_filter.o(i.D80_1CH_HTONS_VOL_HP) referenced from pdm_filter.o(i.PDM_Filter_setConfig)
 <LI><a href="#[6d]">D80_GENERIC</a> from pdm_filter.o(i.D80_GENERIC) referenced from pdm_filter.o(i.PDM_Filter_setConfig)
 <LI><a href="#[2a]">DMA1_Stream0_IRQHandler</a> from startup_stm32f411xe.o(.text) referenced from startup_stm32f411xe.o(RESET)
 <LI><a href="#[2b]">DMA1_Stream1_IRQHandler</a> from startup_stm32f411xe.o(.text) referenced from startup_stm32f411xe.o(RESET)
 <LI><a href="#[2c]">DMA1_Stream2_IRQHandler</a> from startup_stm32f411xe.o(.text) referenced from startup_stm32f411xe.o(RESET)
 <LI><a href="#[2d]">DMA1_Stream3_IRQHandler</a> from stm32f4xx_it.o(i.DMA1_Stream3_IRQHandler) referenced from startup_stm32f411xe.o(RESET)
 <LI><a href="#[2e]">DMA1_Stream4_IRQHandler</a> from startup_stm32f411xe.o(.text) referenced from startup_stm32f411xe.o(RESET)
 <LI><a href="#[2f]">DMA1_Stream5_IRQHandler</a> from startup_stm32f411xe.o(.text) referenced from startup_stm32f411xe.o(RESET)
 <LI><a href="#[30]">DMA1_Stream6_IRQHandler</a> from startup_stm32f411xe.o(.text) referenced from startup_stm32f411xe.o(RESET)
 <LI><a href="#[45]">DMA1_Stream7_IRQHandler</a> from stm32f4xx_it.o(i.DMA1_Stream7_IRQHandler) referenced from startup_stm32f411xe.o(RESET)
 <LI><a href="#[49]">DMA2_Stream0_IRQHandler</a> from startup_stm32f411xe.o(.text) referenced from startup_stm32f411xe.o(RESET)
 <LI><a href="#[4a]">DMA2_Stream1_IRQHandler</a> from startup_stm32f411xe.o(.text) referenced from startup_stm32f411xe.o(RESET)
 <LI><a href="#[4b]">DMA2_Stream2_IRQHandler</a> from startup_stm32f411xe.o(.text) referenced from startup_stm32f411xe.o(RESET)
 <LI><a href="#[4c]">DMA2_Stream3_IRQHandler</a> from startup_stm32f411xe.o(.text) referenced from startup_stm32f411xe.o(RESET)
 <LI><a href="#[4d]">DMA2_Stream4_IRQHandler</a> from startup_stm32f411xe.o(.text) referenced from startup_stm32f411xe.o(RESET)
 <LI><a href="#[4f]">DMA2_Stream5_IRQHandler</a> from startup_stm32f411xe.o(.text) referenced from startup_stm32f411xe.o(RESET)
 <LI><a href="#[50]">DMA2_Stream6_IRQHandler</a> from startup_stm32f411xe.o(.text) referenced from startup_stm32f411xe.o(RESET)
 <LI><a href="#[51]">DMA2_Stream7_IRQHandler</a> from startup_stm32f411xe.o(.text) referenced from startup_stm32f411xe.o(RESET)
 <LI><a href="#[1c]">DebugMon_Handler</a> from stm32f4xx_it.o(i.DebugMon_Handler) referenced from startup_stm32f411xe.o(RESET)
 <LI><a href="#[25]">EXTI0_IRQHandler</a> from stm32f4xx_it.o(i.EXTI0_IRQHandler) referenced from startup_stm32f411xe.o(RESET)
 <LI><a href="#[42]">EXTI15_10_IRQHandler</a> from startup_stm32f411xe.o(.text) referenced from startup_stm32f411xe.o(RESET)
 <LI><a href="#[26]">EXTI1_IRQHandler</a> from startup_stm32f411xe.o(.text) referenced from startup_stm32f411xe.o(RESET)
 <LI><a href="#[27]">EXTI2_IRQHandler</a> from startup_stm32f411xe.o(.text) referenced from startup_stm32f411xe.o(RESET)
 <LI><a href="#[28]">EXTI3_IRQHandler</a> from startup_stm32f411xe.o(.text) referenced from startup_stm32f411xe.o(RESET)
 <LI><a href="#[29]">EXTI4_IRQHandler</a> from stm32f4xx_it.o(i.EXTI4_IRQHandler) referenced from startup_stm32f411xe.o(RESET)
 <LI><a href="#[32]">EXTI9_5_IRQHandler</a> from startup_stm32f411xe.o(.text) referenced from startup_stm32f411xe.o(RESET)
 <LI><a href="#[23]">FLASH_IRQHandler</a> from startup_stm32f411xe.o(.text) referenced from startup_stm32f411xe.o(RESET)
 <LI><a href="#[55]">FPU_IRQHandler</a> from startup_stm32f411xe.o(.text) referenced from startup_stm32f411xe.o(RESET)
 <LI><a href="#[5b]">HAL_I2SEx_FullDuplex_IRQHandler</a> from stm32f4xx_hal_i2s_ex.o(i.HAL_I2SEx_FullDuplex_IRQHandler) referenced from stm32f4xx_hal_i2s.o(i.HAL_I2S_Init)
 <LI><a href="#[17]">HardFault_Handler</a> from stm32f4xx_it.o(i.HardFault_Handler) referenced from startup_stm32f411xe.o(RESET)
 <LI><a href="#[3b]">I2C1_ER_IRQHandler</a> from startup_stm32f411xe.o(.text) referenced from startup_stm32f411xe.o(RESET)
 <LI><a href="#[3a]">I2C1_EV_IRQHandler</a> from startup_stm32f411xe.o(.text) referenced from startup_stm32f411xe.o(RESET)
 <LI><a href="#[3d]">I2C2_ER_IRQHandler</a> from startup_stm32f411xe.o(.text) referenced from startup_stm32f411xe.o(RESET)
 <LI><a href="#[3c]">I2C2_EV_IRQHandler</a> from startup_stm32f411xe.o(.text) referenced from startup_stm32f411xe.o(RESET)
 <LI><a href="#[54]">I2C3_ER_IRQHandler</a> from startup_stm32f411xe.o(.text) referenced from startup_stm32f411xe.o(RESET)
 <LI><a href="#[53]">I2C3_EV_IRQHandler</a> from startup_stm32f411xe.o(.text) referenced from startup_stm32f411xe.o(RESET)
 <LI><a href="#[5e]">I2S_DMAError</a> from stm32f4xx_hal_i2s.o(i.I2S_DMAError) referenced from stm32f4xx_hal_i2s.o(i.HAL_I2S_Receive_DMA)
 <LI><a href="#[5e]">I2S_DMAError</a> from stm32f4xx_hal_i2s.o(i.I2S_DMAError) referenced from stm32f4xx_hal_i2s.o(i.HAL_I2S_Transmit_DMA)
 <LI><a href="#[5d]">I2S_DMARxCplt</a> from stm32f4xx_hal_i2s.o(i.I2S_DMARxCplt) referenced from stm32f4xx_hal_i2s.o(i.HAL_I2S_Receive_DMA)
 <LI><a href="#[5c]">I2S_DMARxHalfCplt</a> from stm32f4xx_hal_i2s.o(i.I2S_DMARxHalfCplt) referenced from stm32f4xx_hal_i2s.o(i.HAL_I2S_Receive_DMA)
 <LI><a href="#[60]">I2S_DMATxCplt</a> from stm32f4xx_hal_i2s.o(i.I2S_DMATxCplt) referenced from stm32f4xx_hal_i2s.o(i.HAL_I2S_Transmit_DMA)
 <LI><a href="#[5f]">I2S_DMATxHalfCplt</a> from stm32f4xx_hal_i2s.o(i.I2S_DMATxHalfCplt) referenced from stm32f4xx_hal_i2s.o(i.HAL_I2S_Transmit_DMA)
 <LI><a href="#[5a]">I2S_IRQHandler</a> from stm32f4xx_hal_i2s.o(i.I2S_IRQHandler) referenced from stm32f4xx_hal_i2s.o(i.HAL_I2S_Init)
 <LI><a href="#[18]">MemManage_Handler</a> from stm32f4xx_it.o(i.MemManage_Handler) referenced from startup_stm32f411xe.o(RESET)
 <LI><a href="#[16]">NMI_Handler</a> from stm32f4xx_it.o(i.NMI_Handler) referenced from startup_stm32f411xe.o(RESET)
 <LI><a href="#[4e]">OTG_FS_IRQHandler</a> from startup_stm32f411xe.o(.text) referenced from startup_stm32f411xe.o(RESET)
 <LI><a href="#[44]">OTG_FS_WKUP_IRQHandler</a> from startup_stm32f411xe.o(.text) referenced from startup_stm32f411xe.o(RESET)
 <LI><a href="#[20]">PVD_IRQHandler</a> from startup_stm32f411xe.o(.text) referenced from startup_stm32f411xe.o(RESET)
 <LI><a href="#[1d]">PendSV_Handler</a> from stm32f4xx_it.o(i.PendSV_Handler) referenced from startup_stm32f411xe.o(RESET)
 <LI><a href="#[24]">RCC_IRQHandler</a> from startup_stm32f411xe.o(.text) referenced from startup_stm32f411xe.o(RESET)
 <LI><a href="#[43]">RTC_Alarm_IRQHandler</a> from startup_stm32f411xe.o(.text) referenced from startup_stm32f411xe.o(RESET)
 <LI><a href="#[22]">RTC_WKUP_IRQHandler</a> from startup_stm32f411xe.o(.text) referenced from startup_stm32f411xe.o(RESET)
 <LI><a href="#[15]">Reset_Handler</a> from startup_stm32f411xe.o(.text) referenced from startup_stm32f411xe.o(RESET)
 <LI><a href="#[46]">SDIO_IRQHandler</a> from startup_stm32f411xe.o(.text) referenced from startup_stm32f411xe.o(RESET)
 <LI><a href="#[3e]">SPI1_IRQHandler</a> from startup_stm32f411xe.o(.text) referenced from startup_stm32f411xe.o(RESET)
 <LI><a href="#[3f]">SPI2_IRQHandler</a> from startup_stm32f411xe.o(.text) referenced from startup_stm32f411xe.o(RESET)
 <LI><a href="#[48]">SPI3_IRQHandler</a> from startup_stm32f411xe.o(.text) referenced from startup_stm32f411xe.o(RESET)
 <LI><a href="#[56]">SPI4_IRQHandler</a> from startup_stm32f411xe.o(.text) referenced from startup_stm32f411xe.o(RESET)
 <LI><a href="#[57]">SPI5_IRQHandler</a> from startup_stm32f411xe.o(.text) referenced from startup_stm32f411xe.o(RESET)
 <LI><a href="#[1b]">SVC_Handler</a> from stm32f4xx_it.o(i.SVC_Handler) referenced from startup_stm32f411xe.o(RESET)
 <LI><a href="#[1e]">SysTick_Handler</a> from stm32f4xx_it.o(i.SysTick_Handler) referenced from startup_stm32f411xe.o(RESET)
 <LI><a href="#[58]">SystemInit</a> from system_stm32f4xx.o(i.SystemInit) referenced from startup_stm32f411xe.o(.text)
 <LI><a href="#[21]">TAMP_STAMP_IRQHandler</a> from startup_stm32f411xe.o(.text) referenced from startup_stm32f411xe.o(RESET)
 <LI><a href="#[33]">TIM1_BRK_TIM9_IRQHandler</a> from startup_stm32f411xe.o(.text) referenced from startup_stm32f411xe.o(RESET)
 <LI><a href="#[36]">TIM1_CC_IRQHandler</a> from startup_stm32f411xe.o(.text) referenced from startup_stm32f411xe.o(RESET)
 <LI><a href="#[35]">TIM1_TRG_COM_TIM11_IRQHandler</a> from startup_stm32f411xe.o(.text) referenced from startup_stm32f411xe.o(RESET)
 <LI><a href="#[34]">TIM1_UP_TIM10_IRQHandler</a> from startup_stm32f411xe.o(.text) referenced from startup_stm32f411xe.o(RESET)
 <LI><a href="#[37]">TIM2_IRQHandler</a> from startup_stm32f411xe.o(.text) referenced from startup_stm32f411xe.o(RESET)
 <LI><a href="#[38]">TIM3_IRQHandler</a> from startup_stm32f411xe.o(.text) referenced from startup_stm32f411xe.o(RESET)
 <LI><a href="#[39]">TIM4_IRQHandler</a> from startup_stm32f411xe.o(.text) referenced from startup_stm32f411xe.o(RESET)
 <LI><a href="#[47]">TIM5_IRQHandler</a> from startup_stm32f411xe.o(.text) referenced from startup_stm32f411xe.o(RESET)
 <LI><a href="#[40]">USART1_IRQHandler</a> from startup_stm32f411xe.o(.text) referenced from startup_stm32f411xe.o(RESET)
 <LI><a href="#[41]">USART2_IRQHandler</a> from startup_stm32f411xe.o(.text) referenced from startup_stm32f411xe.o(RESET)
 <LI><a href="#[52]">USART6_IRQHandler</a> from startup_stm32f411xe.o(.text) referenced from startup_stm32f411xe.o(RESET)
 <LI><a href="#[1a]">UsageFault_Handler</a> from stm32f4xx_it.o(i.UsageFault_Handler) referenced from startup_stm32f411xe.o(RESET)
 <LI><a href="#[1f]">WWDG_IRQHandler</a> from startup_stm32f411xe.o(.text) referenced from startup_stm32f411xe.o(RESET)
 <LI><a href="#[6f]">__main</a> from __main.o(!!!main) referenced from startup_stm32f411xe.o(.text)
 <LI><a href="#[a]">cs43l22_DeInit</a> from cs43l22.o(i.cs43l22_DeInit) referenced 2 times from cs43l22.o(.data)
 <LI><a href="#[9]">cs43l22_Init</a> from cs43l22.o(i.cs43l22_Init) referenced 2 times from cs43l22.o(.data)
 <LI><a href="#[d]">cs43l22_Pause</a> from cs43l22.o(i.cs43l22_Pause) referenced 2 times from cs43l22.o(.data)
 <LI><a href="#[c]">cs43l22_Play</a> from cs43l22.o(i.cs43l22_Play) referenced 2 times from cs43l22.o(.data)
 <LI><a href="#[b]">cs43l22_ReadID</a> from cs43l22.o(i.cs43l22_ReadID) referenced 2 times from cs43l22.o(.data)
 <LI><a href="#[14]">cs43l22_Reset</a> from cs43l22.o(i.cs43l22_Reset) referenced 2 times from cs43l22.o(.data)
 <LI><a href="#[e]">cs43l22_Resume</a> from cs43l22.o(i.cs43l22_Resume) referenced 2 times from cs43l22.o(.data)
 <LI><a href="#[10]">cs43l22_SetFrequency</a> from cs43l22.o(i.cs43l22_SetFrequency) referenced 2 times from cs43l22.o(.data)
 <LI><a href="#[12]">cs43l22_SetMute</a> from cs43l22.o(i.cs43l22_SetMute) referenced 2 times from cs43l22.o(.data)
 <LI><a href="#[13]">cs43l22_SetOutputMode</a> from cs43l22.o(i.cs43l22_SetOutputMode) referenced 2 times from cs43l22.o(.data)
 <LI><a href="#[11]">cs43l22_SetVolume</a> from cs43l22.o(i.cs43l22_SetVolume) referenced 2 times from cs43l22.o(.data)
 <LI><a href="#[f]">cs43l22_Stop</a> from cs43l22.o(i.cs43l22_Stop) referenced 2 times from cs43l22.o(.data)
</UL>
<P>
<H3>
Global Symbols
</H3>
<P><STRONG><a name="[6f]"></a>__main</STRONG> (Thumb, 8 bytes, Stack size 0 bytes, __main.o(!!!main))
<BR><BR>[Calls]<UL><LI><a href="#[71]">&gt;&gt;</a>&nbsp;&nbsp;&nbsp;__rt_entry
<LI><a href="#[70]">&gt;&gt;</a>&nbsp;&nbsp;&nbsp;__scatterload
</UL>

<P><STRONG><a name="[70]"></a>__scatterload</STRONG> (Thumb, 0 bytes, Stack size unknown bytes, __scatter.o(!!!scatter))
<BR><BR>[Called By]<UL><LI><a href="#[6f]">&gt;&gt;</a>&nbsp;&nbsp;&nbsp;__main
</UL>

<P><STRONG><a name="[72]"></a>__scatterload_rt2</STRONG> (Thumb, 44 bytes, Stack size unknown bytes, __scatter.o(!!!scatter), UNUSED)
<BR><BR>[Calls]<UL><LI><a href="#[71]">&gt;&gt;</a>&nbsp;&nbsp;&nbsp;__rt_entry
</UL>

<P><STRONG><a name="[1c6]"></a>__scatterload_rt2_thumb_only</STRONG> (Thumb, 0 bytes, Stack size unknown bytes, __scatter.o(!!!scatter), UNUSED)

<P><STRONG><a name="[1c7]"></a>__scatterload_null</STRONG> (Thumb, 0 bytes, Stack size unknown bytes, __scatter.o(!!!scatter), UNUSED)

<P><STRONG><a name="[1c8]"></a>__decompress</STRONG> (Thumb, 100 bytes, Stack size unknown bytes, __dclz77c.o(!!dclz77c), UNUSED)

<P><STRONG><a name="[1c9]"></a>__decompress2</STRONG> (Thumb, 0 bytes, Stack size unknown bytes, __dclz77c.o(!!dclz77c), UNUSED)

<P><STRONG><a name="[1ca]"></a>__scatterload_zeroinit</STRONG> (Thumb, 28 bytes, Stack size unknown bytes, __scatter_zi.o(!!handler_zi), UNUSED)

<P><STRONG><a name="[165]"></a>arm_bitreversal_32</STRONG> (Thumb, 106 bytes, Stack size 0 bytes, arm_bitreversal2.o(. text))
<BR><BR>[Called By]<UL><LI><a href="#[161]">&gt;&gt;</a>&nbsp;&nbsp;&nbsp;arm_cfft_f32
</UL>

<P><STRONG><a name="[1cb]"></a>arm_bitreversal_16</STRONG> (Thumb, 86 bytes, Stack size 0 bytes, arm_bitreversal2.o(. text), UNUSED)

<P><STRONG><a name="[7a]"></a>__rt_lib_init</STRONG> (Thumb, 0 bytes, Stack size unknown bytes, libinit.o(.ARM.Collect$$libinit$$00000000))
<BR><BR>[Called By]<UL><LI><a href="#[79]">&gt;&gt;</a>&nbsp;&nbsp;&nbsp;__rt_entry_li
</UL>

<P><STRONG><a name="[73]"></a>__rt_lib_init_fp_1</STRONG> (Thumb, 0 bytes, Stack size unknown bytes, libinit2.o(.ARM.Collect$$libinit$$00000001))
<BR><BR>[Calls]<UL><LI><a href="#[74]">&gt;&gt;</a>&nbsp;&nbsp;&nbsp;_fp_init
</UL>

<P><STRONG><a name="[75]"></a>__rt_lib_init_heap_2</STRONG> (Thumb, 0 bytes, Stack size unknown bytes, libinit2.o(.ARM.Collect$$libinit$$00000005))
<BR><BR>[Stack]<UL><LI>Max Depth = 64 + Unknown Stack Size
<LI>Call Chain = __rt_lib_init_heap_2 &rArr; _init_alloc &rArr; __rt_SIGRTMEM &rArr; __rt_SIGRTMEM_inner &rArr; __default_signal_display &rArr; _ttywrch
</UL>
<BR>[Calls]<UL><LI><a href="#[76]">&gt;&gt;</a>&nbsp;&nbsp;&nbsp;_init_alloc
</UL>

<P><STRONG><a name="[1cc]"></a>__rt_lib_init_preinit_1</STRONG> (Thumb, 0 bytes, Stack size unknown bytes, libinit2.o(.ARM.Collect$$libinit$$00000004))

<P><STRONG><a name="[1cd]"></a>__rt_lib_init_alloca_1</STRONG> (Thumb, 0 bytes, Stack size unknown bytes, libinit2.o(.ARM.Collect$$libinit$$0000002E))

<P><STRONG><a name="[1ce]"></a>__rt_lib_init_argv_1</STRONG> (Thumb, 0 bytes, Stack size unknown bytes, libinit2.o(.ARM.Collect$$libinit$$0000002C))

<P><STRONG><a name="[1cf]"></a>__rt_lib_init_atexit_1</STRONG> (Thumb, 0 bytes, Stack size unknown bytes, libinit2.o(.ARM.Collect$$libinit$$0000001B))

<P><STRONG><a name="[1d0]"></a>__rt_lib_init_clock_1</STRONG> (Thumb, 0 bytes, Stack size unknown bytes, libinit2.o(.ARM.Collect$$libinit$$00000021))

<P><STRONG><a name="[1d1]"></a>__rt_lib_init_cpp_1</STRONG> (Thumb, 0 bytes, Stack size unknown bytes, libinit2.o(.ARM.Collect$$libinit$$00000032))

<P><STRONG><a name="[1d2]"></a>__rt_lib_init_exceptions_1</STRONG> (Thumb, 0 bytes, Stack size unknown bytes, libinit2.o(.ARM.Collect$$libinit$$00000030))

<P><STRONG><a name="[1d3]"></a>__rt_lib_init_fp_trap_1</STRONG> (Thumb, 0 bytes, Stack size unknown bytes, libinit2.o(.ARM.Collect$$libinit$$0000001F))

<P><STRONG><a name="[1d4]"></a>__rt_lib_init_getenv_1</STRONG> (Thumb, 0 bytes, Stack size unknown bytes, libinit2.o(.ARM.Collect$$libinit$$00000023))

<P><STRONG><a name="[1d5]"></a>__rt_lib_init_heap_1</STRONG> (Thumb, 0 bytes, Stack size unknown bytes, libinit2.o(.ARM.Collect$$libinit$$0000000A))

<P><STRONG><a name="[1d6]"></a>__rt_lib_init_lc_collate_1</STRONG> (Thumb, 0 bytes, Stack size unknown bytes, libinit2.o(.ARM.Collect$$libinit$$00000011))

<P><STRONG><a name="[1d7]"></a>__rt_lib_init_lc_ctype_1</STRONG> (Thumb, 0 bytes, Stack size unknown bytes, libinit2.o(.ARM.Collect$$libinit$$00000013))

<P><STRONG><a name="[1d8]"></a>__rt_lib_init_lc_monetary_1</STRONG> (Thumb, 0 bytes, Stack size unknown bytes, libinit2.o(.ARM.Collect$$libinit$$00000015))

<P><STRONG><a name="[1d9]"></a>__rt_lib_init_lc_numeric_1</STRONG> (Thumb, 0 bytes, Stack size unknown bytes, libinit2.o(.ARM.Collect$$libinit$$00000017))

<P><STRONG><a name="[1da]"></a>__rt_lib_init_lc_time_1</STRONG> (Thumb, 0 bytes, Stack size unknown bytes, libinit2.o(.ARM.Collect$$libinit$$00000019))

<P><STRONG><a name="[1db]"></a>__rt_lib_init_rand_1</STRONG> (Thumb, 0 bytes, Stack size unknown bytes, libinit2.o(.ARM.Collect$$libinit$$0000000E))

<P><STRONG><a name="[1dc]"></a>__rt_lib_init_return</STRONG> (Thumb, 0 bytes, Stack size unknown bytes, libinit2.o(.ARM.Collect$$libinit$$00000033))

<P><STRONG><a name="[1dd]"></a>__rt_lib_init_signal_1</STRONG> (Thumb, 0 bytes, Stack size unknown bytes, libinit2.o(.ARM.Collect$$libinit$$0000001D))

<P><STRONG><a name="[1de]"></a>__rt_lib_init_stdio_1</STRONG> (Thumb, 0 bytes, Stack size unknown bytes, libinit2.o(.ARM.Collect$$libinit$$00000025))

<P><STRONG><a name="[1df]"></a>__rt_lib_init_user_alloc_1</STRONG> (Thumb, 0 bytes, Stack size unknown bytes, libinit2.o(.ARM.Collect$$libinit$$0000000C))

<P><STRONG><a name="[7f]"></a>__rt_lib_shutdown</STRONG> (Thumb, 0 bytes, Stack size unknown bytes, libshutdown.o(.ARM.Collect$$libshutdown$$00000000))
<BR><BR>[Called By]<UL><LI><a href="#[86]">&gt;&gt;</a>&nbsp;&nbsp;&nbsp;abort
<LI><a href="#[7e]">&gt;&gt;</a>&nbsp;&nbsp;&nbsp;__rt_exit_ls
</UL>

<P><STRONG><a name="[1e0]"></a>__rt_lib_shutdown_cpp_1</STRONG> (Thumb, 0 bytes, Stack size unknown bytes, libshutdown2.o(.ARM.Collect$$libshutdown$$00000004))

<P><STRONG><a name="[1e1]"></a>__rt_lib_shutdown_fini_1</STRONG> (Thumb, 0 bytes, Stack size unknown bytes, libshutdown2.o(.ARM.Collect$$libshutdown$$00000002))

<P><STRONG><a name="[1e2]"></a>__rt_lib_shutdown_fp_trap_1</STRONG> (Thumb, 0 bytes, Stack size unknown bytes, libshutdown2.o(.ARM.Collect$$libshutdown$$00000009))

<P><STRONG><a name="[1e3]"></a>__rt_lib_shutdown_heap_1</STRONG> (Thumb, 0 bytes, Stack size unknown bytes, libshutdown2.o(.ARM.Collect$$libshutdown$$00000011))

<P><STRONG><a name="[1e4]"></a>__rt_lib_shutdown_return</STRONG> (Thumb, 0 bytes, Stack size unknown bytes, libshutdown2.o(.ARM.Collect$$libshutdown$$00000012))

<P><STRONG><a name="[1e5]"></a>__rt_lib_shutdown_signal_1</STRONG> (Thumb, 0 bytes, Stack size unknown bytes, libshutdown2.o(.ARM.Collect$$libshutdown$$0000000C))

<P><STRONG><a name="[1e6]"></a>__rt_lib_shutdown_stdio_1</STRONG> (Thumb, 0 bytes, Stack size unknown bytes, libshutdown2.o(.ARM.Collect$$libshutdown$$00000006))

<P><STRONG><a name="[1e7]"></a>__rt_lib_shutdown_user_alloc_1</STRONG> (Thumb, 0 bytes, Stack size unknown bytes, libshutdown2.o(.ARM.Collect$$libshutdown$$0000000E))

<P><STRONG><a name="[71]"></a>__rt_entry</STRONG> (Thumb, 0 bytes, Stack size unknown bytes, __rtentry.o(.ARM.Collect$$rtentry$$00000000))
<BR><BR>[Called By]<UL><LI><a href="#[6f]">&gt;&gt;</a>&nbsp;&nbsp;&nbsp;__main
<LI><a href="#[72]">&gt;&gt;</a>&nbsp;&nbsp;&nbsp;__scatterload_rt2
</UL>

<P><STRONG><a name="[1e8]"></a>__rt_entry_presh_1</STRONG> (Thumb, 0 bytes, Stack size unknown bytes, __rtentry2.o(.ARM.Collect$$rtentry$$00000002))

<P><STRONG><a name="[77]"></a>__rt_entry_sh</STRONG> (Thumb, 0 bytes, Stack size unknown bytes, __rtentry4.o(.ARM.Collect$$rtentry$$00000004))
<BR><BR>[Stack]<UL><LI>Max Depth = 8 + Unknown Stack Size
<LI>Call Chain = __rt_entry_sh &rArr; __user_setup_stackheap
</UL>
<BR>[Calls]<UL><LI><a href="#[78]">&gt;&gt;</a>&nbsp;&nbsp;&nbsp;__user_setup_stackheap
</UL>

<P><STRONG><a name="[79]"></a>__rt_entry_li</STRONG> (Thumb, 0 bytes, Stack size unknown bytes, __rtentry2.o(.ARM.Collect$$rtentry$$0000000A))
<BR><BR>[Calls]<UL><LI><a href="#[7a]">&gt;&gt;</a>&nbsp;&nbsp;&nbsp;__rt_lib_init
</UL>

<P><STRONG><a name="[1e9]"></a>__rt_entry_postsh_1</STRONG> (Thumb, 0 bytes, Stack size unknown bytes, __rtentry2.o(.ARM.Collect$$rtentry$$00000009))

<P><STRONG><a name="[7b]"></a>__rt_entry_main</STRONG> (Thumb, 0 bytes, Stack size unknown bytes, __rtentry2.o(.ARM.Collect$$rtentry$$0000000D))
<BR><BR>[Stack]<UL><LI>Max Depth = 16212 + Unknown Stack Size
<LI>Call Chain = __rt_entry_main &rArr; main &rArr; AudioRecord_Test &rArr; codec2_decode &rArr; codec2_decode_ber &rArr; codec2_decode_1600 &rArr; aks_to_M2 &rArr; lpc_post_filter &rArr; codec2_fftr &rArr; arm_rfft_fast_f32 &rArr; arm_cfft_f32 &rArr; arm_cfft_radix8by4_f32 &rArr; arm_radix8_butterfly_f32
</UL>
<BR>[Calls]<UL><LI><a href="#[7c]">&gt;&gt;</a>&nbsp;&nbsp;&nbsp;main
<LI><a href="#[7d]">&gt;&gt;</a>&nbsp;&nbsp;&nbsp;exit
</UL>

<P><STRONG><a name="[1ea]"></a>__rt_entry_postli_1</STRONG> (Thumb, 0 bytes, Stack size unknown bytes, __rtentry2.o(.ARM.Collect$$rtentry$$0000000C))

<P><STRONG><a name="[9c]"></a>__rt_exit</STRONG> (Thumb, 0 bytes, Stack size unknown bytes, rtexit.o(.ARM.Collect$$rtexit$$00000000))
<BR><BR>[Called By]<UL><LI><a href="#[7d]">&gt;&gt;</a>&nbsp;&nbsp;&nbsp;exit
</UL>

<P><STRONG><a name="[7e]"></a>__rt_exit_ls</STRONG> (Thumb, 0 bytes, Stack size unknown bytes, rtexit2.o(.ARM.Collect$$rtexit$$00000003))
<BR><BR>[Calls]<UL><LI><a href="#[7f]">&gt;&gt;</a>&nbsp;&nbsp;&nbsp;__rt_lib_shutdown
</UL>

<P><STRONG><a name="[1eb]"></a>__rt_exit_prels_1</STRONG> (Thumb, 0 bytes, Stack size unknown bytes, rtexit2.o(.ARM.Collect$$rtexit$$00000002))

<P><STRONG><a name="[80]"></a>__rt_exit_exit</STRONG> (Thumb, 0 bytes, Stack size unknown bytes, rtexit2.o(.ARM.Collect$$rtexit$$00000004))
<BR><BR>[Calls]<UL><LI><a href="#[81]">&gt;&gt;</a>&nbsp;&nbsp;&nbsp;_sys_exit
</UL>

<P><STRONG><a name="[da]"></a>__asm___12_pdm_filter_c_5676b99f____REV16</STRONG> (Thumb, 4 bytes, Stack size 0 bytes, pdm_filter.o(.rev16_text))
<BR><BR>[Called By]<UL><LI><a href="#[6d]">&gt;&gt;</a>&nbsp;&nbsp;&nbsp;D80_GENERIC
<LI><a href="#[66]">&gt;&gt;</a>&nbsp;&nbsp;&nbsp;D80_1CH_HTONS_VOL_HP
<LI><a href="#[6c]">&gt;&gt;</a>&nbsp;&nbsp;&nbsp;D64_GENERIC
<LI><a href="#[65]">&gt;&gt;</a>&nbsp;&nbsp;&nbsp;D64_1CH_HTONS_VOL_HP
<LI><a href="#[6b]">&gt;&gt;</a>&nbsp;&nbsp;&nbsp;D48_GENERIC
<LI><a href="#[64]">&gt;&gt;</a>&nbsp;&nbsp;&nbsp;D48_1CH_HTONS_VOL_HP
<LI><a href="#[6a]">&gt;&gt;</a>&nbsp;&nbsp;&nbsp;D32_GENERIC
<LI><a href="#[63]">&gt;&gt;</a>&nbsp;&nbsp;&nbsp;D32_1CH_HTONS_VOL_HP
<LI><a href="#[68]">&gt;&gt;</a>&nbsp;&nbsp;&nbsp;D16_GENERIC
<LI><a href="#[61]">&gt;&gt;</a>&nbsp;&nbsp;&nbsp;D16_1CH_HTONS_VOL_HP
<LI><a href="#[6e]">&gt;&gt;</a>&nbsp;&nbsp;&nbsp;D128_GENERIC
<LI><a href="#[67]">&gt;&gt;</a>&nbsp;&nbsp;&nbsp;D128_1CH_HTONS_VOL_HP
</UL>

<P><STRONG><a name="[1ec]"></a>_maybe_terminate_alloc</STRONG> (Thumb, 0 bytes, Stack size 0 bytes, maybetermalloc1.o(.emb_text), UNUSED)

<P><STRONG><a name="[15]"></a>Reset_Handler</STRONG> (Thumb, 8 bytes, Stack size 0 bytes, startup_stm32f411xe.o(.text))
<BR>[Address Reference Count : 1]<UL><LI> startup_stm32f411xe.o(RESET)
</UL>
<P><STRONG><a name="[31]"></a>ADC_IRQHandler</STRONG> (Thumb, 0 bytes, Stack size 0 bytes, startup_stm32f411xe.o(.text))
<BR><BR>[Calls]<UL><LI><a href="#[31]">&gt;&gt;</a>&nbsp;&nbsp;&nbsp;ADC_IRQHandler
</UL>
<BR>[Called By]<UL><LI><a href="#[31]">&gt;&gt;</a>&nbsp;&nbsp;&nbsp;ADC_IRQHandler
</UL>
<BR>[Address Reference Count : 1]<UL><LI> startup_stm32f411xe.o(RESET)
</UL>
<P><STRONG><a name="[2a]"></a>DMA1_Stream0_IRQHandler</STRONG> (Thumb, 0 bytes, Stack size 0 bytes, startup_stm32f411xe.o(.text))
<BR>[Address Reference Count : 1]<UL><LI> startup_stm32f411xe.o(RESET)
</UL>
<P><STRONG><a name="[2b]"></a>DMA1_Stream1_IRQHandler</STRONG> (Thumb, 0 bytes, Stack size 0 bytes, startup_stm32f411xe.o(.text))
<BR>[Address Reference Count : 1]<UL><LI> startup_stm32f411xe.o(RESET)
</UL>
<P><STRONG><a name="[2c]"></a>DMA1_Stream2_IRQHandler</STRONG> (Thumb, 0 bytes, Stack size 0 bytes, startup_stm32f411xe.o(.text))
<BR>[Address Reference Count : 1]<UL><LI> startup_stm32f411xe.o(RESET)
</UL>
<P><STRONG><a name="[2e]"></a>DMA1_Stream4_IRQHandler</STRONG> (Thumb, 0 bytes, Stack size 0 bytes, startup_stm32f411xe.o(.text))
<BR>[Address Reference Count : 1]<UL><LI> startup_stm32f411xe.o(RESET)
</UL>
<P><STRONG><a name="[2f]"></a>DMA1_Stream5_IRQHandler</STRONG> (Thumb, 0 bytes, Stack size 0 bytes, startup_stm32f411xe.o(.text))
<BR>[Address Reference Count : 1]<UL><LI> startup_stm32f411xe.o(RESET)
</UL>
<P><STRONG><a name="[30]"></a>DMA1_Stream6_IRQHandler</STRONG> (Thumb, 0 bytes, Stack size 0 bytes, startup_stm32f411xe.o(.text))
<BR>[Address Reference Count : 1]<UL><LI> startup_stm32f411xe.o(RESET)
</UL>
<P><STRONG><a name="[49]"></a>DMA2_Stream0_IRQHandler</STRONG> (Thumb, 0 bytes, Stack size 0 bytes, startup_stm32f411xe.o(.text))
<BR>[Address Reference Count : 1]<UL><LI> startup_stm32f411xe.o(RESET)
</UL>
<P><STRONG><a name="[4a]"></a>DMA2_Stream1_IRQHandler</STRONG> (Thumb, 0 bytes, Stack size 0 bytes, startup_stm32f411xe.o(.text))
<BR>[Address Reference Count : 1]<UL><LI> startup_stm32f411xe.o(RESET)
</UL>
<P><STRONG><a name="[4b]"></a>DMA2_Stream2_IRQHandler</STRONG> (Thumb, 0 bytes, Stack size 0 bytes, startup_stm32f411xe.o(.text))
<BR>[Address Reference Count : 1]<UL><LI> startup_stm32f411xe.o(RESET)
</UL>
<P><STRONG><a name="[4c]"></a>DMA2_Stream3_IRQHandler</STRONG> (Thumb, 0 bytes, Stack size 0 bytes, startup_stm32f411xe.o(.text))
<BR>[Address Reference Count : 1]<UL><LI> startup_stm32f411xe.o(RESET)
</UL>
<P><STRONG><a name="[4d]"></a>DMA2_Stream4_IRQHandler</STRONG> (Thumb, 0 bytes, Stack size 0 bytes, startup_stm32f411xe.o(.text))
<BR>[Address Reference Count : 1]<UL><LI> startup_stm32f411xe.o(RESET)
</UL>
<P><STRONG><a name="[4f]"></a>DMA2_Stream5_IRQHandler</STRONG> (Thumb, 0 bytes, Stack size 0 bytes, startup_stm32f411xe.o(.text))
<BR>[Address Reference Count : 1]<UL><LI> startup_stm32f411xe.o(RESET)
</UL>
<P><STRONG><a name="[50]"></a>DMA2_Stream6_IRQHandler</STRONG> (Thumb, 0 bytes, Stack size 0 bytes, startup_stm32f411xe.o(.text))
<BR>[Address Reference Count : 1]<UL><LI> startup_stm32f411xe.o(RESET)
</UL>
<P><STRONG><a name="[51]"></a>DMA2_Stream7_IRQHandler</STRONG> (Thumb, 0 bytes, Stack size 0 bytes, startup_stm32f411xe.o(.text))
<BR>[Address Reference Count : 1]<UL><LI> startup_stm32f411xe.o(RESET)
</UL>
<P><STRONG><a name="[42]"></a>EXTI15_10_IRQHandler</STRONG> (Thumb, 0 bytes, Stack size 0 bytes, startup_stm32f411xe.o(.text))
<BR>[Address Reference Count : 1]<UL><LI> startup_stm32f411xe.o(RESET)
</UL>
<P><STRONG><a name="[26]"></a>EXTI1_IRQHandler</STRONG> (Thumb, 0 bytes, Stack size 0 bytes, startup_stm32f411xe.o(.text))
<BR>[Address Reference Count : 1]<UL><LI> startup_stm32f411xe.o(RESET)
</UL>
<P><STRONG><a name="[27]"></a>EXTI2_IRQHandler</STRONG> (Thumb, 0 bytes, Stack size 0 bytes, startup_stm32f411xe.o(.text))
<BR>[Address Reference Count : 1]<UL><LI> startup_stm32f411xe.o(RESET)
</UL>
<P><STRONG><a name="[28]"></a>EXTI3_IRQHandler</STRONG> (Thumb, 0 bytes, Stack size 0 bytes, startup_stm32f411xe.o(.text))
<BR>[Address Reference Count : 1]<UL><LI> startup_stm32f411xe.o(RESET)
</UL>
<P><STRONG><a name="[32]"></a>EXTI9_5_IRQHandler</STRONG> (Thumb, 0 bytes, Stack size 0 bytes, startup_stm32f411xe.o(.text))
<BR>[Address Reference Count : 1]<UL><LI> startup_stm32f411xe.o(RESET)
</UL>
<P><STRONG><a name="[23]"></a>FLASH_IRQHandler</STRONG> (Thumb, 0 bytes, Stack size 0 bytes, startup_stm32f411xe.o(.text))
<BR>[Address Reference Count : 1]<UL><LI> startup_stm32f411xe.o(RESET)
</UL>
<P><STRONG><a name="[55]"></a>FPU_IRQHandler</STRONG> (Thumb, 0 bytes, Stack size 0 bytes, startup_stm32f411xe.o(.text))
<BR>[Address Reference Count : 1]<UL><LI> startup_stm32f411xe.o(RESET)
</UL>
<P><STRONG><a name="[3b]"></a>I2C1_ER_IRQHandler</STRONG> (Thumb, 0 bytes, Stack size 0 bytes, startup_stm32f411xe.o(.text))
<BR>[Address Reference Count : 1]<UL><LI> startup_stm32f411xe.o(RESET)
</UL>
<P><STRONG><a name="[3a]"></a>I2C1_EV_IRQHandler</STRONG> (Thumb, 0 bytes, Stack size 0 bytes, startup_stm32f411xe.o(.text))
<BR>[Address Reference Count : 1]<UL><LI> startup_stm32f411xe.o(RESET)
</UL>
<P><STRONG><a name="[3d]"></a>I2C2_ER_IRQHandler</STRONG> (Thumb, 0 bytes, Stack size 0 bytes, startup_stm32f411xe.o(.text))
<BR>[Address Reference Count : 1]<UL><LI> startup_stm32f411xe.o(RESET)
</UL>
<P><STRONG><a name="[3c]"></a>I2C2_EV_IRQHandler</STRONG> (Thumb, 0 bytes, Stack size 0 bytes, startup_stm32f411xe.o(.text))
<BR>[Address Reference Count : 1]<UL><LI> startup_stm32f411xe.o(RESET)
</UL>
<P><STRONG><a name="[54]"></a>I2C3_ER_IRQHandler</STRONG> (Thumb, 0 bytes, Stack size 0 bytes, startup_stm32f411xe.o(.text))
<BR>[Address Reference Count : 1]<UL><LI> startup_stm32f411xe.o(RESET)
</UL>
<P><STRONG><a name="[53]"></a>I2C3_EV_IRQHandler</STRONG> (Thumb, 0 bytes, Stack size 0 bytes, startup_stm32f411xe.o(.text))
<BR>[Address Reference Count : 1]<UL><LI> startup_stm32f411xe.o(RESET)
</UL>
<P><STRONG><a name="[4e]"></a>OTG_FS_IRQHandler</STRONG> (Thumb, 0 bytes, Stack size 0 bytes, startup_stm32f411xe.o(.text))
<BR>[Address Reference Count : 1]<UL><LI> startup_stm32f411xe.o(RESET)
</UL>
<P><STRONG><a name="[44]"></a>OTG_FS_WKUP_IRQHandler</STRONG> (Thumb, 0 bytes, Stack size 0 bytes, startup_stm32f411xe.o(.text))
<BR>[Address Reference Count : 1]<UL><LI> startup_stm32f411xe.o(RESET)
</UL>
<P><STRONG><a name="[20]"></a>PVD_IRQHandler</STRONG> (Thumb, 0 bytes, Stack size 0 bytes, startup_stm32f411xe.o(.text))
<BR>[Address Reference Count : 1]<UL><LI> startup_stm32f411xe.o(RESET)
</UL>
<P><STRONG><a name="[24]"></a>RCC_IRQHandler</STRONG> (Thumb, 0 bytes, Stack size 0 bytes, startup_stm32f411xe.o(.text))
<BR>[Address Reference Count : 1]<UL><LI> startup_stm32f411xe.o(RESET)
</UL>
<P><STRONG><a name="[43]"></a>RTC_Alarm_IRQHandler</STRONG> (Thumb, 0 bytes, Stack size 0 bytes, startup_stm32f411xe.o(.text))
<BR>[Address Reference Count : 1]<UL><LI> startup_stm32f411xe.o(RESET)
</UL>
<P><STRONG><a name="[22]"></a>RTC_WKUP_IRQHandler</STRONG> (Thumb, 0 bytes, Stack size 0 bytes, startup_stm32f411xe.o(.text))
<BR>[Address Reference Count : 1]<UL><LI> startup_stm32f411xe.o(RESET)
</UL>
<P><STRONG><a name="[46]"></a>SDIO_IRQHandler</STRONG> (Thumb, 0 bytes, Stack size 0 bytes, startup_stm32f411xe.o(.text))
<BR>[Address Reference Count : 1]<UL><LI> startup_stm32f411xe.o(RESET)
</UL>
<P><STRONG><a name="[3e]"></a>SPI1_IRQHandler</STRONG> (Thumb, 0 bytes, Stack size 0 bytes, startup_stm32f411xe.o(.text))
<BR>[Address Reference Count : 1]<UL><LI> startup_stm32f411xe.o(RESET)
</UL>
<P><STRONG><a name="[3f]"></a>SPI2_IRQHandler</STRONG> (Thumb, 0 bytes, Stack size 0 bytes, startup_stm32f411xe.o(.text))
<BR>[Address Reference Count : 1]<UL><LI> startup_stm32f411xe.o(RESET)
</UL>
<P><STRONG><a name="[48]"></a>SPI3_IRQHandler</STRONG> (Thumb, 0 bytes, Stack size 0 bytes, startup_stm32f411xe.o(.text))
<BR>[Address Reference Count : 1]<UL><LI> startup_stm32f411xe.o(RESET)
</UL>
<P><STRONG><a name="[56]"></a>SPI4_IRQHandler</STRONG> (Thumb, 0 bytes, Stack size 0 bytes, startup_stm32f411xe.o(.text))
<BR>[Address Reference Count : 1]<UL><LI> startup_stm32f411xe.o(RESET)
</UL>
<P><STRONG><a name="[57]"></a>SPI5_IRQHandler</STRONG> (Thumb, 0 bytes, Stack size 0 bytes, startup_stm32f411xe.o(.text))
<BR>[Address Reference Count : 1]<UL><LI> startup_stm32f411xe.o(RESET)
</UL>
<P><STRONG><a name="[21]"></a>TAMP_STAMP_IRQHandler</STRONG> (Thumb, 0 bytes, Stack size 0 bytes, startup_stm32f411xe.o(.text))
<BR>[Address Reference Count : 1]<UL><LI> startup_stm32f411xe.o(RESET)
</UL>
<P><STRONG><a name="[33]"></a>TIM1_BRK_TIM9_IRQHandler</STRONG> (Thumb, 0 bytes, Stack size 0 bytes, startup_stm32f411xe.o(.text))
<BR>[Address Reference Count : 1]<UL><LI> startup_stm32f411xe.o(RESET)
</UL>
<P><STRONG><a name="[36]"></a>TIM1_CC_IRQHandler</STRONG> (Thumb, 0 bytes, Stack size 0 bytes, startup_stm32f411xe.o(.text))
<BR>[Address Reference Count : 1]<UL><LI> startup_stm32f411xe.o(RESET)
</UL>
<P><STRONG><a name="[35]"></a>TIM1_TRG_COM_TIM11_IRQHandler</STRONG> (Thumb, 0 bytes, Stack size 0 bytes, startup_stm32f411xe.o(.text))
<BR>[Address Reference Count : 1]<UL><LI> startup_stm32f411xe.o(RESET)
</UL>
<P><STRONG><a name="[34]"></a>TIM1_UP_TIM10_IRQHandler</STRONG> (Thumb, 0 bytes, Stack size 0 bytes, startup_stm32f411xe.o(.text))
<BR>[Address Reference Count : 1]<UL><LI> startup_stm32f411xe.o(RESET)
</UL>
<P><STRONG><a name="[37]"></a>TIM2_IRQHandler</STRONG> (Thumb, 0 bytes, Stack size 0 bytes, startup_stm32f411xe.o(.text))
<BR>[Address Reference Count : 1]<UL><LI> startup_stm32f411xe.o(RESET)
</UL>
<P><STRONG><a name="[38]"></a>TIM3_IRQHandler</STRONG> (Thumb, 0 bytes, Stack size 0 bytes, startup_stm32f411xe.o(.text))
<BR>[Address Reference Count : 1]<UL><LI> startup_stm32f411xe.o(RESET)
</UL>
<P><STRONG><a name="[39]"></a>TIM4_IRQHandler</STRONG> (Thumb, 0 bytes, Stack size 0 bytes, startup_stm32f411xe.o(.text))
<BR>[Address Reference Count : 1]<UL><LI> startup_stm32f411xe.o(RESET)
</UL>
<P><STRONG><a name="[47]"></a>TIM5_IRQHandler</STRONG> (Thumb, 0 bytes, Stack size 0 bytes, startup_stm32f411xe.o(.text))
<BR>[Address Reference Count : 1]<UL><LI> startup_stm32f411xe.o(RESET)
</UL>
<P><STRONG><a name="[40]"></a>USART1_IRQHandler</STRONG> (Thumb, 0 bytes, Stack size 0 bytes, startup_stm32f411xe.o(.text))
<BR>[Address Reference Count : 1]<UL><LI> startup_stm32f411xe.o(RESET)
</UL>
<P><STRONG><a name="[41]"></a>USART2_IRQHandler</STRONG> (Thumb, 0 bytes, Stack size 0 bytes, startup_stm32f411xe.o(.text))
<BR>[Address Reference Count : 1]<UL><LI> startup_stm32f411xe.o(RESET)
</UL>
<P><STRONG><a name="[52]"></a>USART6_IRQHandler</STRONG> (Thumb, 0 bytes, Stack size 0 bytes, startup_stm32f411xe.o(.text))
<BR>[Address Reference Count : 1]<UL><LI> startup_stm32f411xe.o(RESET)
</UL>
<P><STRONG><a name="[1f]"></a>WWDG_IRQHandler</STRONG> (Thumb, 0 bytes, Stack size 0 bytes, startup_stm32f411xe.o(.text))
<BR>[Address Reference Count : 1]<UL><LI> startup_stm32f411xe.o(RESET)
</UL>
<P><STRONG><a name="[9b]"></a>__user_initial_stackheap</STRONG> (Thumb, 0 bytes, Stack size unknown bytes, startup_stm32f411xe.o(.text))
<BR><BR>[Called By]<UL><LI><a href="#[78]">&gt;&gt;</a>&nbsp;&nbsp;&nbsp;__user_setup_stackheap
</UL>

<P><STRONG><a name="[82]"></a>malloc</STRONG> (Thumb, 94 bytes, Stack size 16 bytes, h1_alloc.o(.text))
<BR><BR>[Stack]<UL><LI>Max Depth = 48<LI>Call Chain = malloc &rArr; __Heap_Full &rArr; __Heap_ProvideMemory &rArr; free
</UL>
<BR>[Calls]<UL><LI><a href="#[84]">&gt;&gt;</a>&nbsp;&nbsp;&nbsp;__Heap_Full
<LI><a href="#[83]">&gt;&gt;</a>&nbsp;&nbsp;&nbsp;__rt_heap_descriptor
</UL>
<BR>[Called By]<UL><LI><a href="#[aa]">&gt;&gt;</a>&nbsp;&nbsp;&nbsp;fifo_create
<LI><a href="#[a7]">&gt;&gt;</a>&nbsp;&nbsp;&nbsp;codec2_create
<LI><a href="#[a6]">&gt;&gt;</a>&nbsp;&nbsp;&nbsp;AudioRecord_Test
<LI><a href="#[1aa]">&gt;&gt;</a>&nbsp;&nbsp;&nbsp;lpc_to_lsp
<LI><a href="#[169]">&gt;&gt;</a>&nbsp;&nbsp;&nbsp;cheb_poly_eva
<LI><a href="#[1a9]">&gt;&gt;</a>&nbsp;&nbsp;&nbsp;levinson_durbin
<LI><a href="#[193]">&gt;&gt;</a>&nbsp;&nbsp;&nbsp;speech_to_uq_lsps
<LI><a href="#[16f]">&gt;&gt;</a>&nbsp;&nbsp;&nbsp;nlp_create
<LI><a href="#[17b]">&gt;&gt;</a>&nbsp;&nbsp;&nbsp;lsp_to_lpc
<LI><a href="#[195]">&gt;&gt;</a>&nbsp;&nbsp;&nbsp;encode_lsps_vq
<LI><a href="#[199]">&gt;&gt;</a>&nbsp;&nbsp;&nbsp;encode_lsps_scalar
<LI><a href="#[19a]">&gt;&gt;</a>&nbsp;&nbsp;&nbsp;encode_lspds_scalar
<LI><a href="#[183]">&gt;&gt;</a>&nbsp;&nbsp;&nbsp;decode_lsps_scalar
<LI><a href="#[18b]">&gt;&gt;</a>&nbsp;&nbsp;&nbsp;decode_lspds_scalar
<LI><a href="#[16b]">&gt;&gt;</a>&nbsp;&nbsp;&nbsp;codec2_fftr_alloc
<LI><a href="#[16a]">&gt;&gt;</a>&nbsp;&nbsp;&nbsp;codec2_fft_alloc
</UL>

<P><STRONG><a name="[85]"></a>free</STRONG> (Thumb, 78 bytes, Stack size 16 bytes, h1_free.o(.text))
<BR><BR>[Stack]<UL><LI>Max Depth = 16<LI>Call Chain = free
</UL>
<BR>[Calls]<UL><LI><a href="#[83]">&gt;&gt;</a>&nbsp;&nbsp;&nbsp;__rt_heap_descriptor
</UL>
<BR>[Called By]<UL><LI><a href="#[bb]">&gt;&gt;</a>&nbsp;&nbsp;&nbsp;fifo_destroy
<LI><a href="#[a7]">&gt;&gt;</a>&nbsp;&nbsp;&nbsp;codec2_create
<LI><a href="#[1aa]">&gt;&gt;</a>&nbsp;&nbsp;&nbsp;lpc_to_lsp
<LI><a href="#[169]">&gt;&gt;</a>&nbsp;&nbsp;&nbsp;cheb_poly_eva
<LI><a href="#[1a9]">&gt;&gt;</a>&nbsp;&nbsp;&nbsp;levinson_durbin
<LI><a href="#[193]">&gt;&gt;</a>&nbsp;&nbsp;&nbsp;speech_to_uq_lsps
<LI><a href="#[17b]">&gt;&gt;</a>&nbsp;&nbsp;&nbsp;lsp_to_lpc
<LI><a href="#[195]">&gt;&gt;</a>&nbsp;&nbsp;&nbsp;encode_lsps_vq
<LI><a href="#[199]">&gt;&gt;</a>&nbsp;&nbsp;&nbsp;encode_lsps_scalar
<LI><a href="#[19a]">&gt;&gt;</a>&nbsp;&nbsp;&nbsp;encode_lspds_scalar
<LI><a href="#[183]">&gt;&gt;</a>&nbsp;&nbsp;&nbsp;decode_lsps_scalar
<LI><a href="#[18b]">&gt;&gt;</a>&nbsp;&nbsp;&nbsp;decode_lspds_scalar
<LI><a href="#[8e]">&gt;&gt;</a>&nbsp;&nbsp;&nbsp;__Heap_ProvideMemory
</UL>

<P><STRONG><a name="[10f]"></a>__aeabi_uldivmod</STRONG> (Thumb, 0 bytes, Stack size 48 bytes, lludivv7m.o(.text))
<BR><BR>[Stack]<UL><LI>Max Depth = 48<LI>Call Chain = __aeabi_uldivmod
</UL>
<BR>[Called By]<UL><LI><a href="#[10c]">&gt;&gt;</a>&nbsp;&nbsp;&nbsp;HAL_RCC_GetSysClockFreq
<LI><a href="#[11a]">&gt;&gt;</a>&nbsp;&nbsp;&nbsp;UART_SetConfig
<LI><a href="#[12c]">&gt;&gt;</a>&nbsp;&nbsp;&nbsp;SX1278_config
</UL>

<P><STRONG><a name="[1ed]"></a>_ll_udiv</STRONG> (Thumb, 238 bytes, Stack size 48 bytes, lludivv7m.o(.text), UNUSED)

<P><STRONG><a name="[86]"></a>abort</STRONG> (Thumb, 22 bytes, Stack size 8 bytes, abort.o(.text))
<BR><BR>[Stack]<UL><LI>Max Depth = 48 + Unknown Stack Size
<LI>Call Chain = abort &rArr; __rt_SIGABRT &rArr; __rt_SIGABRT_inner &rArr; __default_signal_display &rArr; _ttywrch
</UL>
<BR>[Calls]<UL><LI><a href="#[87]">&gt;&gt;</a>&nbsp;&nbsp;&nbsp;__rt_SIGABRT
<LI><a href="#[81]">&gt;&gt;</a>&nbsp;&nbsp;&nbsp;_sys_exit
<LI><a href="#[7f]">&gt;&gt;</a>&nbsp;&nbsp;&nbsp;__rt_lib_shutdown
</UL>
<BR>[Called By]<UL><LI><a href="#[16a]">&gt;&gt;</a>&nbsp;&nbsp;&nbsp;codec2_fft_alloc
<LI><a href="#[88]">&gt;&gt;</a>&nbsp;&nbsp;&nbsp;__aeabi_assert
</UL>

<P><STRONG><a name="[88]"></a>__aeabi_assert</STRONG> (Thumb, 86 bytes, Stack size 16 bytes, assert.o(.text))
<BR><BR>[Stack]<UL><LI>Max Depth = 64 + Unknown Stack Size
<LI>Call Chain = __aeabi_assert &rArr; abort &rArr; __rt_SIGABRT &rArr; __rt_SIGABRT_inner &rArr; __default_signal_display &rArr; _ttywrch
</UL>
<BR>[Calls]<UL><LI><a href="#[89]">&gt;&gt;</a>&nbsp;&nbsp;&nbsp;__assert_puts
<LI><a href="#[86]">&gt;&gt;</a>&nbsp;&nbsp;&nbsp;abort
</UL>
<BR>[Called By]<UL><LI><a href="#[dd]">&gt;&gt;</a>&nbsp;&nbsp;&nbsp;fifo_read
<LI><a href="#[b9]">&gt;&gt;</a>&nbsp;&nbsp;&nbsp;fifo_write
<LI><a href="#[bb]">&gt;&gt;</a>&nbsp;&nbsp;&nbsp;fifo_destroy
<LI><a href="#[aa]">&gt;&gt;</a>&nbsp;&nbsp;&nbsp;fifo_create
<LI><a href="#[b2]">&gt;&gt;</a>&nbsp;&nbsp;&nbsp;codec2_encode
<LI><a href="#[a7]">&gt;&gt;</a>&nbsp;&nbsp;&nbsp;codec2_create
<LI><a href="#[1a8]">&gt;&gt;</a>&nbsp;&nbsp;&nbsp;fifo_used
<LI><a href="#[1af]">&gt;&gt;</a>&nbsp;&nbsp;&nbsp;postfilter
<LI><a href="#[16f]">&gt;&gt;</a>&nbsp;&nbsp;&nbsp;nlp_create
<LI><a href="#[15d]">&gt;&gt;</a>&nbsp;&nbsp;&nbsp;nlp
<LI><a href="#[194]">&gt;&gt;</a>&nbsp;&nbsp;&nbsp;encode_WoE
<LI><a href="#[18c]">&gt;&gt;</a>&nbsp;&nbsp;&nbsp;codec2_encode_3200
<LI><a href="#[18d]">&gt;&gt;</a>&nbsp;&nbsp;&nbsp;codec2_encode_2400
<LI><a href="#[18e]">&gt;&gt;</a>&nbsp;&nbsp;&nbsp;codec2_encode_1600
<LI><a href="#[18f]">&gt;&gt;</a>&nbsp;&nbsp;&nbsp;codec2_encode_1400
<LI><a href="#[190]">&gt;&gt;</a>&nbsp;&nbsp;&nbsp;codec2_encode_1300
<LI><a href="#[191]">&gt;&gt;</a>&nbsp;&nbsp;&nbsp;codec2_encode_1200
<LI><a href="#[170]">&gt;&gt;</a>&nbsp;&nbsp;&nbsp;codec2_decode_ber
<LI><a href="#[189]">&gt;&gt;</a>&nbsp;&nbsp;&nbsp;codec2_decode_3200
<LI><a href="#[188]">&gt;&gt;</a>&nbsp;&nbsp;&nbsp;codec2_decode_2400
<LI><a href="#[187]">&gt;&gt;</a>&nbsp;&nbsp;&nbsp;codec2_decode_1600
<LI><a href="#[186]">&gt;&gt;</a>&nbsp;&nbsp;&nbsp;codec2_decode_1400
<LI><a href="#[17e]">&gt;&gt;</a>&nbsp;&nbsp;&nbsp;codec2_decode_1300
<LI><a href="#[171]">&gt;&gt;</a>&nbsp;&nbsp;&nbsp;codec2_decode_1200
</UL>

<P><STRONG><a name="[1ee]"></a>__assert</STRONG> (Thumb, 0 bytes, Stack size 16 bytes, assert.o(.text), UNUSED)

<P><STRONG><a name="[b1]"></a>__aeabi_memcpy</STRONG> (Thumb, 0 bytes, Stack size 0 bytes, rt_memcpy_v6.o(.text))
<BR><BR>[Called By]<UL><LI><a href="#[a6]">&gt;&gt;</a>&nbsp;&nbsp;&nbsp;AudioRecord_Test
</UL>

<P><STRONG><a name="[8a]"></a>__rt_memcpy</STRONG> (Thumb, 138 bytes, Stack size 0 bytes, rt_memcpy_v6.o(.text), UNUSED)
<BR><BR>[Calls]<UL><LI><a href="#[8b]">&gt;&gt;</a>&nbsp;&nbsp;&nbsp;__aeabi_memcpy4
</UL>

<P><STRONG><a name="[1ef]"></a>_memcpy_lastbytes</STRONG> (Thumb, 0 bytes, Stack size unknown bytes, rt_memcpy_v6.o(.text), UNUSED)

<P><STRONG><a name="[8b]"></a>__aeabi_memcpy4</STRONG> (Thumb, 0 bytes, Stack size 8 bytes, rt_memcpy_w.o(.text))
<BR><BR>[Stack]<UL><LI>Max Depth = 8<LI>Call Chain = __aeabi_memcpy4
</UL>
<BR>[Called By]<UL><LI><a href="#[16c]">&gt;&gt;</a>&nbsp;&nbsp;&nbsp;make_analysis_window
<LI><a href="#[189]">&gt;&gt;</a>&nbsp;&nbsp;&nbsp;codec2_decode_3200
<LI><a href="#[188]">&gt;&gt;</a>&nbsp;&nbsp;&nbsp;codec2_decode_2400
<LI><a href="#[187]">&gt;&gt;</a>&nbsp;&nbsp;&nbsp;codec2_decode_1600
<LI><a href="#[186]">&gt;&gt;</a>&nbsp;&nbsp;&nbsp;codec2_decode_1400
<LI><a href="#[17e]">&gt;&gt;</a>&nbsp;&nbsp;&nbsp;codec2_decode_1300
<LI><a href="#[171]">&gt;&gt;</a>&nbsp;&nbsp;&nbsp;codec2_decode_1200
<LI><a href="#[8a]">&gt;&gt;</a>&nbsp;&nbsp;&nbsp;__rt_memcpy
</UL>

<P><STRONG><a name="[1f0]"></a>__aeabi_memcpy8</STRONG> (Thumb, 0 bytes, Stack size 8 bytes, rt_memcpy_w.o(.text), UNUSED)

<P><STRONG><a name="[1f1]"></a>__rt_memcpy_w</STRONG> (Thumb, 100 bytes, Stack size 8 bytes, rt_memcpy_w.o(.text), UNUSED)

<P><STRONG><a name="[1f2]"></a>_memcpy_lastbytes_aligned</STRONG> (Thumb, 0 bytes, Stack size unknown bytes, rt_memcpy_w.o(.text), UNUSED)

<P><STRONG><a name="[de]"></a>__aeabi_memclr</STRONG> (Thumb, 0 bytes, Stack size 0 bytes, rt_memclr.o(.text))
<BR><BR>[Called By]<UL><LI><a href="#[d2]">&gt;&gt;</a>&nbsp;&nbsp;&nbsp;FillNextBuffer
<LI><a href="#[18c]">&gt;&gt;</a>&nbsp;&nbsp;&nbsp;codec2_encode_3200
<LI><a href="#[18d]">&gt;&gt;</a>&nbsp;&nbsp;&nbsp;codec2_encode_2400
<LI><a href="#[18e]">&gt;&gt;</a>&nbsp;&nbsp;&nbsp;codec2_encode_1600
<LI><a href="#[18f]">&gt;&gt;</a>&nbsp;&nbsp;&nbsp;codec2_encode_1400
<LI><a href="#[190]">&gt;&gt;</a>&nbsp;&nbsp;&nbsp;codec2_encode_1300
<LI><a href="#[191]">&gt;&gt;</a>&nbsp;&nbsp;&nbsp;codec2_encode_1200
</UL>

<P><STRONG><a name="[8c]"></a>__rt_memclr</STRONG> (Thumb, 68 bytes, Stack size 0 bytes, rt_memclr.o(.text), UNUSED)
<BR><BR>[Calls]<UL><LI><a href="#[8d]">&gt;&gt;</a>&nbsp;&nbsp;&nbsp;_memset_w
</UL>

<P><STRONG><a name="[1f3]"></a>_memset</STRONG> (Thumb, 0 bytes, Stack size unknown bytes, rt_memclr.o(.text), UNUSED)

<P><STRONG><a name="[113]"></a>__aeabi_memclr4</STRONG> (Thumb, 0 bytes, Stack size 4 bytes, rt_memclr_w.o(.text))
<BR><BR>[Stack]<UL><LI>Max Depth = 4<LI>Call Chain = __aeabi_memclr4
</UL>
<BR>[Called By]<UL><LI><a href="#[119]">&gt;&gt;</a>&nbsp;&nbsp;&nbsp;HAL_UART_MspInit
<LI><a href="#[112]">&gt;&gt;</a>&nbsp;&nbsp;&nbsp;HAL_SPI_MspInit
<LI><a href="#[123]">&gt;&gt;</a>&nbsp;&nbsp;&nbsp;MX_GPIO_Init
</UL>

<P><STRONG><a name="[1f4]"></a>__aeabi_memclr8</STRONG> (Thumb, 0 bytes, Stack size 4 bytes, rt_memclr_w.o(.text), UNUSED)

<P><STRONG><a name="[1f5]"></a>__rt_memclr_w</STRONG> (Thumb, 78 bytes, Stack size 4 bytes, rt_memclr_w.o(.text), UNUSED)

<P><STRONG><a name="[8d]"></a>_memset_w</STRONG> (Thumb, 0 bytes, Stack size unknown bytes, rt_memclr_w.o(.text), UNUSED)
<BR><BR>[Called By]<UL><LI><a href="#[8c]">&gt;&gt;</a>&nbsp;&nbsp;&nbsp;__rt_memclr
</UL>

<P><STRONG><a name="[1f6]"></a>__use_two_region_memory</STRONG> (Thumb, 2 bytes, Stack size 0 bytes, heapauxi.o(.text), UNUSED)

<P><STRONG><a name="[3]"></a>__rt_heap_escrow</STRONG> (Thumb, 2 bytes, Stack size 0 bytes, heapauxi.o(.text), UNUSED)

<P><STRONG><a name="[2]"></a>__rt_heap_expand</STRONG> (Thumb, 2 bytes, Stack size 0 bytes, heapauxi.o(.text), UNUSED)

<P><STRONG><a name="[81]"></a>_sys_exit</STRONG> (Thumb, 8 bytes, Stack size 0 bytes, sys_exit.o(.text))
<BR><BR>[Called By]<UL><LI><a href="#[86]">&gt;&gt;</a>&nbsp;&nbsp;&nbsp;abort
<LI><a href="#[80]">&gt;&gt;</a>&nbsp;&nbsp;&nbsp;__rt_exit_exit
<LI><a href="#[96]">&gt;&gt;</a>&nbsp;&nbsp;&nbsp;__sig_exit
</UL>

<P><STRONG><a name="[83]"></a>__rt_heap_descriptor</STRONG> (Thumb, 8 bytes, Stack size 0 bytes, rt_heap_descriptor_intlibspace.o(.text))
<BR><BR>[Called By]<UL><LI><a href="#[76]">&gt;&gt;</a>&nbsp;&nbsp;&nbsp;_init_alloc
<LI><a href="#[85]">&gt;&gt;</a>&nbsp;&nbsp;&nbsp;free
<LI><a href="#[82]">&gt;&gt;</a>&nbsp;&nbsp;&nbsp;malloc
</UL>

<P><STRONG><a name="[1f7]"></a>__use_no_heap</STRONG> (Thumb, 2 bytes, Stack size 0 bytes, hguard.o(.text), UNUSED)

<P><STRONG><a name="[1f8]"></a>__heap$guard</STRONG> (Thumb, 2 bytes, Stack size 0 bytes, hguard.o(.text), UNUSED)

<P><STRONG><a name="[7]"></a>_terminate_user_alloc</STRONG> (Thumb, 2 bytes, Stack size 0 bytes, init_alloc.o(.text), UNUSED)

<P><STRONG><a name="[5]"></a>_init_user_alloc</STRONG> (Thumb, 2 bytes, Stack size 0 bytes, init_alloc.o(.text), UNUSED)

<P><STRONG><a name="[84]"></a>__Heap_Full</STRONG> (Thumb, 34 bytes, Stack size 16 bytes, init_alloc.o(.text))
<BR><BR>[Stack]<UL><LI>Max Depth = 32<LI>Call Chain = __Heap_Full &rArr; __Heap_ProvideMemory &rArr; free
</UL>
<BR>[Calls]<UL><LI><a href="#[8e]">&gt;&gt;</a>&nbsp;&nbsp;&nbsp;__Heap_ProvideMemory
</UL>
<BR>[Called By]<UL><LI><a href="#[82]">&gt;&gt;</a>&nbsp;&nbsp;&nbsp;malloc
</UL>

<P><STRONG><a name="[8f]"></a>__Heap_Broken</STRONG> (Thumb, 6 bytes, Stack size 0 bytes, init_alloc.o(.text), UNUSED)
<BR><BR>[Calls]<UL><LI><a href="#[90]">&gt;&gt;</a>&nbsp;&nbsp;&nbsp;__rt_SIGRTMEM
</UL>

<P><STRONG><a name="[76]"></a>_init_alloc</STRONG> (Thumb, 94 bytes, Stack size 24 bytes, init_alloc.o(.text))
<BR><BR>[Stack]<UL><LI>Max Depth = 64<LI>Call Chain = _init_alloc &rArr; __rt_SIGRTMEM &rArr; __rt_SIGRTMEM_inner &rArr; __default_signal_display &rArr; _ttywrch
</UL>
<BR>[Calls]<UL><LI><a href="#[91]">&gt;&gt;</a>&nbsp;&nbsp;&nbsp;__Heap_Initialize
<LI><a href="#[83]">&gt;&gt;</a>&nbsp;&nbsp;&nbsp;__rt_heap_descriptor
<LI><a href="#[90]">&gt;&gt;</a>&nbsp;&nbsp;&nbsp;__rt_SIGRTMEM
<LI><a href="#[8e]">&gt;&gt;</a>&nbsp;&nbsp;&nbsp;__Heap_ProvideMemory
</UL>
<BR>[Called By]<UL><LI><a href="#[75]">&gt;&gt;</a>&nbsp;&nbsp;&nbsp;__rt_lib_init_heap_2
</UL>

<P><STRONG><a name="[91]"></a>__Heap_Initialize</STRONG> (Thumb, 10 bytes, Stack size 0 bytes, h1_init.o(.text))
<BR><BR>[Called By]<UL><LI><a href="#[76]">&gt;&gt;</a>&nbsp;&nbsp;&nbsp;_init_alloc
</UL>

<P><STRONG><a name="[4]"></a>__Heap_DescSize</STRONG> (Thumb, 4 bytes, Stack size 0 bytes, h1_init.o(.text), UNUSED)

<P><STRONG><a name="[92]"></a>__read_errno</STRONG> (Thumb, 10 bytes, Stack size 8 bytes, _rserrno.o(.text), UNUSED)
<BR><BR>[Calls]<UL><LI><a href="#[93]">&gt;&gt;</a>&nbsp;&nbsp;&nbsp;__aeabi_errno_addr
</UL>

<P><STRONG><a name="[94]"></a>__set_errno</STRONG> (Thumb, 12 bytes, Stack size 8 bytes, _rserrno.o(.text))
<BR><BR>[Stack]<UL><LI>Max Depth = 8<LI>Call Chain = __set_errno
</UL>
<BR>[Calls]<UL><LI><a href="#[93]">&gt;&gt;</a>&nbsp;&nbsp;&nbsp;__aeabi_errno_addr
</UL>
<BR>[Called By]<UL><LI><a href="#[142]">&gt;&gt;</a>&nbsp;&nbsp;&nbsp;sqrtf
<LI><a href="#[150]">&gt;&gt;</a>&nbsp;&nbsp;&nbsp;__hardfp_sqrtf
<LI><a href="#[14f]">&gt;&gt;</a>&nbsp;&nbsp;&nbsp;__hardfp_sinf
<LI><a href="#[129]">&gt;&gt;</a>&nbsp;&nbsp;&nbsp;__hardfp_powf
<LI><a href="#[14b]">&gt;&gt;</a>&nbsp;&nbsp;&nbsp;__hardfp_log10f
<LI><a href="#[149]">&gt;&gt;</a>&nbsp;&nbsp;&nbsp;__hardfp_cosf
<LI><a href="#[145]">&gt;&gt;</a>&nbsp;&nbsp;&nbsp;__hardfp_atan2f
<LI><a href="#[141]">&gt;&gt;</a>&nbsp;&nbsp;&nbsp;__hardfp_acosf
</UL>

<P><STRONG><a name="[87]"></a>__rt_SIGABRT</STRONG> (Thumb, 14 bytes, Stack size 8 bytes, defsig_abrt_outer.o(.text))
<BR><BR>[Stack]<UL><LI>Max Depth = 40<LI>Call Chain = __rt_SIGABRT &rArr; __rt_SIGABRT_inner &rArr; __default_signal_display &rArr; _ttywrch
</UL>
<BR>[Calls]<UL><LI><a href="#[95]">&gt;&gt;</a>&nbsp;&nbsp;&nbsp;__rt_SIGABRT_inner
<LI><a href="#[96]">&gt;&gt;</a>&nbsp;&nbsp;&nbsp;__sig_exit
</UL>
<BR>[Called By]<UL><LI><a href="#[86]">&gt;&gt;</a>&nbsp;&nbsp;&nbsp;abort
</UL>

<P><STRONG><a name="[89]"></a>__assert_puts</STRONG> (Thumb, 20 bytes, Stack size 8 bytes, assert_puts.o(.text))
<BR><BR>[Stack]<UL><LI>Max Depth = 16<LI>Call Chain = __assert_puts &rArr; _ttywrch
</UL>
<BR>[Calls]<UL><LI><a href="#[97]">&gt;&gt;</a>&nbsp;&nbsp;&nbsp;_ttywrch
</UL>
<BR>[Called By]<UL><LI><a href="#[88]">&gt;&gt;</a>&nbsp;&nbsp;&nbsp;__aeabi_assert
</UL>

<P><STRONG><a name="[97]"></a>_ttywrch</STRONG> (Thumb, 14 bytes, Stack size 8 bytes, sys_wrch.o(.text))
<BR><BR>[Stack]<UL><LI>Max Depth = 8<LI>Call Chain = _ttywrch
</UL>
<BR>[Called By]<UL><LI><a href="#[89]">&gt;&gt;</a>&nbsp;&nbsp;&nbsp;__assert_puts
<LI><a href="#[98]">&gt;&gt;</a>&nbsp;&nbsp;&nbsp;__default_signal_display
</UL>

<P><STRONG><a name="[1f9]"></a>__user_libspace</STRONG> (Thumb, 8 bytes, Stack size 0 bytes, libspace.o(.text), UNUSED)

<P><STRONG><a name="[9a]"></a>__user_perproc_libspace</STRONG> (Thumb, 0 bytes, Stack size 0 bytes, libspace.o(.text))
<BR><BR>[Called By]<UL><LI><a href="#[78]">&gt;&gt;</a>&nbsp;&nbsp;&nbsp;__user_setup_stackheap
</UL>

<P><STRONG><a name="[1fa]"></a>__user_perthread_libspace</STRONG> (Thumb, 0 bytes, Stack size 0 bytes, libspace.o(.text), UNUSED)

<P><STRONG><a name="[1fb]"></a>__I$use$semihosting</STRONG> (Thumb, 0 bytes, Stack size 0 bytes, use_no_semi.o(.text), UNUSED)

<P><STRONG><a name="[1fc]"></a>__use_no_semihosting_swi</STRONG> (Thumb, 2 bytes, Stack size 0 bytes, use_no_semi.o(.text), UNUSED)

<P><STRONG><a name="[1fd]"></a>__semihosting_library_function</STRONG> (Thumb, 0 bytes, Stack size unknown bytes, indicate_semi.o(.text), UNUSED)

<P><STRONG><a name="[93]"></a>__aeabi_errno_addr</STRONG> (Thumb, 8 bytes, Stack size 0 bytes, rt_errno_addr_intlibspace.o(.text))
<BR><BR>[Called By]<UL><LI><a href="#[94]">&gt;&gt;</a>&nbsp;&nbsp;&nbsp;__set_errno
<LI><a href="#[92]">&gt;&gt;</a>&nbsp;&nbsp;&nbsp;__read_errno
</UL>

<P><STRONG><a name="[1fe]"></a>__errno$intlibspace</STRONG> (Thumb, 0 bytes, Stack size 0 bytes, rt_errno_addr_intlibspace.o(.text), UNUSED)

<P><STRONG><a name="[1ff]"></a>__rt_errno_addr$intlibspace</STRONG> (Thumb, 0 bytes, Stack size 0 bytes, rt_errno_addr_intlibspace.o(.text), UNUSED)

<P><STRONG><a name="[8e]"></a>__Heap_ProvideMemory</STRONG> (Thumb, 52 bytes, Stack size 0 bytes, h1_extend.o(.text))
<BR><BR>[Stack]<UL><LI>Max Depth = 16<LI>Call Chain = __Heap_ProvideMemory &rArr; free
</UL>
<BR>[Calls]<UL><LI><a href="#[85]">&gt;&gt;</a>&nbsp;&nbsp;&nbsp;free
</UL>
<BR>[Called By]<UL><LI><a href="#[76]">&gt;&gt;</a>&nbsp;&nbsp;&nbsp;_init_alloc
<LI><a href="#[84]">&gt;&gt;</a>&nbsp;&nbsp;&nbsp;__Heap_Full
</UL>

<P><STRONG><a name="[96]"></a>__sig_exit</STRONG> (Thumb, 10 bytes, Stack size 0 bytes, defsig_exit.o(.text))
<BR><BR>[Calls]<UL><LI><a href="#[81]">&gt;&gt;</a>&nbsp;&nbsp;&nbsp;_sys_exit
</UL>
<BR>[Called By]<UL><LI><a href="#[87]">&gt;&gt;</a>&nbsp;&nbsp;&nbsp;__rt_SIGABRT
<LI><a href="#[90]">&gt;&gt;</a>&nbsp;&nbsp;&nbsp;__rt_SIGRTMEM
</UL>

<P><STRONG><a name="[95]"></a>__rt_SIGABRT_inner</STRONG> (Thumb, 14 bytes, Stack size 8 bytes, defsig_abrt_inner.o(.text))
<BR><BR>[Stack]<UL><LI>Max Depth = 32<LI>Call Chain = __rt_SIGABRT_inner &rArr; __default_signal_display &rArr; _ttywrch
</UL>
<BR>[Calls]<UL><LI><a href="#[98]">&gt;&gt;</a>&nbsp;&nbsp;&nbsp;__default_signal_display
</UL>
<BR>[Called By]<UL><LI><a href="#[87]">&gt;&gt;</a>&nbsp;&nbsp;&nbsp;__rt_SIGABRT
</UL>

<P><STRONG><a name="[90]"></a>__rt_SIGRTMEM</STRONG> (Thumb, 14 bytes, Stack size 8 bytes, defsig_rtmem_outer.o(.text))
<BR><BR>[Stack]<UL><LI>Max Depth = 40<LI>Call Chain = __rt_SIGRTMEM &rArr; __rt_SIGRTMEM_inner &rArr; __default_signal_display &rArr; _ttywrch
</UL>
<BR>[Calls]<UL><LI><a href="#[99]">&gt;&gt;</a>&nbsp;&nbsp;&nbsp;__rt_SIGRTMEM_inner
<LI><a href="#[96]">&gt;&gt;</a>&nbsp;&nbsp;&nbsp;__sig_exit
</UL>
<BR>[Called By]<UL><LI><a href="#[76]">&gt;&gt;</a>&nbsp;&nbsp;&nbsp;_init_alloc
<LI><a href="#[8f]">&gt;&gt;</a>&nbsp;&nbsp;&nbsp;__Heap_Broken
</UL>

<P><STRONG><a name="[78]"></a>__user_setup_stackheap</STRONG> (Thumb, 74 bytes, Stack size 8 bytes, sys_stackheap_outer.o(.text))
<BR><BR>[Stack]<UL><LI>Max Depth = 8 + Unknown Stack Size
<LI>Call Chain = __user_setup_stackheap
</UL>
<BR>[Calls]<UL><LI><a href="#[9b]">&gt;&gt;</a>&nbsp;&nbsp;&nbsp;__user_initial_stackheap
<LI><a href="#[9a]">&gt;&gt;</a>&nbsp;&nbsp;&nbsp;__user_perproc_libspace
</UL>
<BR>[Called By]<UL><LI><a href="#[77]">&gt;&gt;</a>&nbsp;&nbsp;&nbsp;__rt_entry_sh
</UL>

<P><STRONG><a name="[7d]"></a>exit</STRONG> (Thumb, 18 bytes, Stack size 8 bytes, exit.o(.text))
<BR><BR>[Stack]<UL><LI>Max Depth = 8 + Unknown Stack Size
<LI>Call Chain = exit
</UL>
<BR>[Calls]<UL><LI><a href="#[9c]">&gt;&gt;</a>&nbsp;&nbsp;&nbsp;__rt_exit
</UL>
<BR>[Called By]<UL><LI><a href="#[7b]">&gt;&gt;</a>&nbsp;&nbsp;&nbsp;__rt_entry_main
</UL>

<P><STRONG><a name="[98]"></a>__default_signal_display</STRONG> (Thumb, 50 bytes, Stack size 16 bytes, defsig_general.o(.text))
<BR><BR>[Stack]<UL><LI>Max Depth = 24<LI>Call Chain = __default_signal_display &rArr; _ttywrch
</UL>
<BR>[Calls]<UL><LI><a href="#[97]">&gt;&gt;</a>&nbsp;&nbsp;&nbsp;_ttywrch
</UL>
<BR>[Called By]<UL><LI><a href="#[99]">&gt;&gt;</a>&nbsp;&nbsp;&nbsp;__rt_SIGRTMEM_inner
<LI><a href="#[95]">&gt;&gt;</a>&nbsp;&nbsp;&nbsp;__rt_SIGABRT_inner
</UL>

<P><STRONG><a name="[99]"></a>__rt_SIGRTMEM_inner</STRONG> (Thumb, 22 bytes, Stack size 8 bytes, defsig_rtmem_inner.o(.text))
<BR><BR>[Stack]<UL><LI>Max Depth = 32<LI>Call Chain = __rt_SIGRTMEM_inner &rArr; __default_signal_display &rArr; _ttywrch
</UL>
<BR>[Calls]<UL><LI><a href="#[98]">&gt;&gt;</a>&nbsp;&nbsp;&nbsp;__default_signal_display
</UL>
<BR>[Called By]<UL><LI><a href="#[90]">&gt;&gt;</a>&nbsp;&nbsp;&nbsp;__rt_SIGRTMEM
</UL>

<P><STRONG><a name="[19e]"></a>AUDIO_IO_DeInit</STRONG> (Thumb, 2 bytes, Stack size 0 bytes, stm32f411e_discovery.o(i.AUDIO_IO_DeInit))
<BR><BR>[Called By]<UL><LI><a href="#[a]">&gt;&gt;</a>&nbsp;&nbsp;&nbsp;cs43l22_DeInit
</UL>

<P><STRONG><a name="[9d]"></a>AUDIO_IO_Init</STRONG> (Thumb, 100 bytes, Stack size 32 bytes, stm32f411e_discovery.o(i.AUDIO_IO_Init))
<BR><BR>[Stack]<UL><LI>Max Depth = 120<LI>Call Chain = AUDIO_IO_Init &rArr; I2Cx_Init &rArr; I2Cx_MspInit &rArr; HAL_NVIC_SetPriority &rArr; NVIC_SetPriority
</UL>
<BR>[Calls]<UL><LI><a href="#[a1]">&gt;&gt;</a>&nbsp;&nbsp;&nbsp;myDelay
<LI><a href="#[a0]">&gt;&gt;</a>&nbsp;&nbsp;&nbsp;HAL_GPIO_WritePin
<LI><a href="#[9e]">&gt;&gt;</a>&nbsp;&nbsp;&nbsp;HAL_GPIO_Init
<LI><a href="#[9f]">&gt;&gt;</a>&nbsp;&nbsp;&nbsp;I2Cx_Init
</UL>
<BR>[Called By]<UL><LI><a href="#[b]">&gt;&gt;</a>&nbsp;&nbsp;&nbsp;cs43l22_ReadID
<LI><a href="#[9]">&gt;&gt;</a>&nbsp;&nbsp;&nbsp;cs43l22_Init
</UL>

<P><STRONG><a name="[a2]"></a>AUDIO_IO_Read</STRONG> (Thumb, 16 bytes, Stack size 16 bytes, stm32f411e_discovery.o(i.AUDIO_IO_Read))
<BR><BR>[Stack]<UL><LI>Max Depth = 152<LI>Call Chain = AUDIO_IO_Read &rArr; I2Cx_ReadData &rArr; HAL_I2C_Mem_Read &rArr; I2C_RequestMemoryRead &rArr; I2C_WaitOnMasterAddressFlagUntilTimeout
</UL>
<BR>[Calls]<UL><LI><a href="#[a3]">&gt;&gt;</a>&nbsp;&nbsp;&nbsp;I2Cx_ReadData
</UL>
<BR>[Called By]<UL><LI><a href="#[b]">&gt;&gt;</a>&nbsp;&nbsp;&nbsp;cs43l22_ReadID
</UL>

<P><STRONG><a name="[a4]"></a>AUDIO_IO_Write</STRONG> (Thumb, 20 bytes, Stack size 16 bytes, stm32f411e_discovery.o(i.AUDIO_IO_Write))
<BR><BR>[Stack]<UL><LI>Max Depth = 160<LI>Call Chain = AUDIO_IO_Write &rArr; I2Cx_WriteData &rArr; HAL_I2C_Mem_Write &rArr; I2C_RequestMemoryWrite &rArr; I2C_WaitOnMasterAddressFlagUntilTimeout
</UL>
<BR>[Calls]<UL><LI><a href="#[a5]">&gt;&gt;</a>&nbsp;&nbsp;&nbsp;I2Cx_WriteData
</UL>
<BR>[Called By]<UL><LI><a href="#[d9]">&gt;&gt;</a>&nbsp;&nbsp;&nbsp;CODEC_IO_Write
</UL>

<P><STRONG><a name="[a6]"></a>AudioRecord_Test</STRONG> (Thumb, 700 bytes, Stack size 8 bytes, audio_record.o(i.AudioRecord_Test))
<BR><BR>[Stack]<UL><LI>Max Depth = 16188 + Unknown Stack Size
<LI>Call Chain = AudioRecord_Test &rArr; codec2_decode &rArr; codec2_decode_ber &rArr; codec2_decode_1600 &rArr; aks_to_M2 &rArr; lpc_post_filter &rArr; codec2_fftr &rArr; arm_rfft_fast_f32 &rArr; arm_cfft_f32 &rArr; arm_cfft_radix8by4_f32 &rArr; arm_radix8_butterfly_f32
</UL>
<BR>[Calls]<UL><LI><a href="#[b9]">&gt;&gt;</a>&nbsp;&nbsp;&nbsp;fifo_write
<LI><a href="#[b7]">&gt;&gt;</a>&nbsp;&nbsp;&nbsp;fifo_free
<LI><a href="#[bb]">&gt;&gt;</a>&nbsp;&nbsp;&nbsp;fifo_destroy
<LI><a href="#[aa]">&gt;&gt;</a>&nbsp;&nbsp;&nbsp;fifo_create
<LI><a href="#[a8]">&gt;&gt;</a>&nbsp;&nbsp;&nbsp;codec2_samples_per_frame
<LI><a href="#[b2]">&gt;&gt;</a>&nbsp;&nbsp;&nbsp;codec2_encode
<LI><a href="#[b8]">&gt;&gt;</a>&nbsp;&nbsp;&nbsp;codec2_decode
<LI><a href="#[a7]">&gt;&gt;</a>&nbsp;&nbsp;&nbsp;codec2_create
<LI><a href="#[a9]">&gt;&gt;</a>&nbsp;&nbsp;&nbsp;codec2_bits_per_frame
<LI><a href="#[b6]">&gt;&gt;</a>&nbsp;&nbsp;&nbsp;SpeakerStart
<LI><a href="#[b4]">&gt;&gt;</a>&nbsp;&nbsp;&nbsp;SX1278_transmit
<LI><a href="#[ba]">&gt;&gt;</a>&nbsp;&nbsp;&nbsp;BSP_AUDIO_OUT_Stop
<LI><a href="#[b5]">&gt;&gt;</a>&nbsp;&nbsp;&nbsp;BSP_AUDIO_OUT_Init
<LI><a href="#[b3]">&gt;&gt;</a>&nbsp;&nbsp;&nbsp;BSP_AUDIO_IN_Stop
<LI><a href="#[af]">&gt;&gt;</a>&nbsp;&nbsp;&nbsp;BSP_AUDIO_IN_Record
<LI><a href="#[b0]">&gt;&gt;</a>&nbsp;&nbsp;&nbsp;BSP_AUDIO_IN_PDMToPCM
<LI><a href="#[ab]">&gt;&gt;</a>&nbsp;&nbsp;&nbsp;BSP_AUDIO_IN_Init
<LI><a href="#[ae]">&gt;&gt;</a>&nbsp;&nbsp;&nbsp;BSP_LED_On
<LI><a href="#[ad]">&gt;&gt;</a>&nbsp;&nbsp;&nbsp;BSP_LED_Off
<LI><a href="#[ac]">&gt;&gt;</a>&nbsp;&nbsp;&nbsp;Error_Handler
<LI><a href="#[b1]">&gt;&gt;</a>&nbsp;&nbsp;&nbsp;__aeabi_memcpy
<LI><a href="#[82]">&gt;&gt;</a>&nbsp;&nbsp;&nbsp;malloc
</UL>
<BR>[Called By]<UL><LI><a href="#[7c]">&gt;&gt;</a>&nbsp;&nbsp;&nbsp;main
</UL>

<P><STRONG><a name="[bc]"></a>BSP_AUDIO_IN_ClockConfig</STRONG> (Thumb, 74 bytes, Stack size 40 bytes, stm32f411e_discovery_audio.o(i.BSP_AUDIO_IN_ClockConfig))
<BR><BR>[Stack]<UL><LI>Max Depth = 64<LI>Call Chain = BSP_AUDIO_IN_ClockConfig &rArr; HAL_RCCEx_PeriphCLKConfig
</UL>
<BR>[Calls]<UL><LI><a href="#[be]">&gt;&gt;</a>&nbsp;&nbsp;&nbsp;HAL_RCCEx_PeriphCLKConfig
<LI><a href="#[bd]">&gt;&gt;</a>&nbsp;&nbsp;&nbsp;HAL_RCCEx_GetPeriphCLKConfig
</UL>
<BR>[Called By]<UL><LI><a href="#[ab]">&gt;&gt;</a>&nbsp;&nbsp;&nbsp;BSP_AUDIO_IN_Init
</UL>

<P><STRONG><a name="[bf]"></a>BSP_AUDIO_IN_Error_Callback</STRONG> (Thumb, 8 bytes, Stack size 8 bytes, audio_record.o(i.BSP_AUDIO_IN_Error_Callback))
<BR><BR>[Stack]<UL><LI>Max Depth = 16<LI>Call Chain = BSP_AUDIO_IN_Error_Callback &rArr; Error_Handler &rArr; BSP_LED_On
</UL>
<BR>[Calls]<UL><LI><a href="#[ac]">&gt;&gt;</a>&nbsp;&nbsp;&nbsp;Error_Handler
</UL>
<BR>[Called By]<UL><LI><a href="#[f6]">&gt;&gt;</a>&nbsp;&nbsp;&nbsp;HAL_I2S_ErrorCallback
</UL>

<P><STRONG><a name="[100]"></a>BSP_AUDIO_IN_HalfTransfer_CallBack</STRONG> (Thumb, 8 bytes, Stack size 0 bytes, audio_record.o(i.BSP_AUDIO_IN_HalfTransfer_CallBack))
<BR><BR>[Called By]<UL><LI><a href="#[ff]">&gt;&gt;</a>&nbsp;&nbsp;&nbsp;HAL_I2S_RxHalfCpltCallback
</UL>

<P><STRONG><a name="[ab]"></a>BSP_AUDIO_IN_Init</STRONG> (Thumb, 60 bytes, Stack size 16 bytes, stm32f411e_discovery_audio.o(i.BSP_AUDIO_IN_Init))
<BR><BR>[Stack]<UL><LI>Max Depth = 104<LI>Call Chain = BSP_AUDIO_IN_Init &rArr; BSP_AUDIO_IN_MspInit &rArr; HAL_NVIC_SetPriority &rArr; NVIC_SetPriority
</UL>
<BR>[Calls]<UL><LI><a href="#[c2]">&gt;&gt;</a>&nbsp;&nbsp;&nbsp;BSP_AUDIO_IN_MspInit
<LI><a href="#[bc]">&gt;&gt;</a>&nbsp;&nbsp;&nbsp;BSP_AUDIO_IN_ClockConfig
<LI><a href="#[c1]">&gt;&gt;</a>&nbsp;&nbsp;&nbsp;HAL_I2S_GetState
<LI><a href="#[c0]">&gt;&gt;</a>&nbsp;&nbsp;&nbsp;PDMDecoder_Init
<LI><a href="#[c3]">&gt;&gt;</a>&nbsp;&nbsp;&nbsp;I2S2_Init
</UL>
<BR>[Called By]<UL><LI><a href="#[a6]">&gt;&gt;</a>&nbsp;&nbsp;&nbsp;AudioRecord_Test
</UL>

<P><STRONG><a name="[c2]"></a>BSP_AUDIO_IN_MspInit</STRONG> (Thumb, 290 bytes, Stack size 40 bytes, stm32f411e_discovery_audio.o(i.BSP_AUDIO_IN_MspInit))
<BR><BR>[Stack]<UL><LI>Max Depth = 88<LI>Call Chain = BSP_AUDIO_IN_MspInit &rArr; HAL_NVIC_SetPriority &rArr; NVIC_SetPriority
</UL>
<BR>[Calls]<UL><LI><a href="#[9e]">&gt;&gt;</a>&nbsp;&nbsp;&nbsp;HAL_GPIO_Init
<LI><a href="#[c6]">&gt;&gt;</a>&nbsp;&nbsp;&nbsp;HAL_NVIC_SetPriority
<LI><a href="#[c7]">&gt;&gt;</a>&nbsp;&nbsp;&nbsp;HAL_NVIC_EnableIRQ
<LI><a href="#[c5]">&gt;&gt;</a>&nbsp;&nbsp;&nbsp;HAL_DMA_Init
<LI><a href="#[c4]">&gt;&gt;</a>&nbsp;&nbsp;&nbsp;HAL_DMA_DeInit
</UL>
<BR>[Called By]<UL><LI><a href="#[ab]">&gt;&gt;</a>&nbsp;&nbsp;&nbsp;BSP_AUDIO_IN_Init
</UL>

<P><STRONG><a name="[b0]"></a>BSP_AUDIO_IN_PDMToPCM</STRONG> (Thumb, 90 bytes, Stack size 2584 bytes, stm32f411e_discovery_audio.o(i.BSP_AUDIO_IN_PDMToPCM))
<BR><BR>[Stack]<UL><LI>Max Depth = 2584<LI>Call Chain = BSP_AUDIO_IN_PDMToPCM
</UL>
<BR>[Calls]<UL><LI><a href="#[c8]">&gt;&gt;</a>&nbsp;&nbsp;&nbsp;PDM_Filter
</UL>
<BR>[Called By]<UL><LI><a href="#[a6]">&gt;&gt;</a>&nbsp;&nbsp;&nbsp;AudioRecord_Test
</UL>

<P><STRONG><a name="[af]"></a>BSP_AUDIO_IN_Record</STRONG> (Thumb, 24 bytes, Stack size 16 bytes, stm32f411e_discovery_audio.o(i.BSP_AUDIO_IN_Record))
<BR><BR>[Stack]<UL><LI>Max Depth = 84<LI>Call Chain = BSP_AUDIO_IN_Record &rArr; HAL_I2S_Receive_DMA &rArr; HAL_DMA_Start_IT &rArr; DMA_SetConfig
</UL>
<BR>[Calls]<UL><LI><a href="#[c9]">&gt;&gt;</a>&nbsp;&nbsp;&nbsp;HAL_I2S_Receive_DMA
</UL>
<BR>[Called By]<UL><LI><a href="#[a6]">&gt;&gt;</a>&nbsp;&nbsp;&nbsp;AudioRecord_Test
</UL>

<P><STRONG><a name="[b3]"></a>BSP_AUDIO_IN_Stop</STRONG> (Thumb, 16 bytes, Stack size 8 bytes, stm32f411e_discovery_audio.o(i.BSP_AUDIO_IN_Stop))
<BR><BR>[Stack]<UL><LI>Max Depth = 56<LI>Call Chain = BSP_AUDIO_IN_Stop &rArr; HAL_I2S_DMAStop &rArr; I2S_WaitFlagStateUntilTimeout
</UL>
<BR>[Calls]<UL><LI><a href="#[ca]">&gt;&gt;</a>&nbsp;&nbsp;&nbsp;HAL_I2S_DMAStop
</UL>
<BR>[Called By]<UL><LI><a href="#[a6]">&gt;&gt;</a>&nbsp;&nbsp;&nbsp;AudioRecord_Test
</UL>

<P><STRONG><a name="[fe]"></a>BSP_AUDIO_IN_TransferComplete_CallBack</STRONG> (Thumb, 8 bytes, Stack size 0 bytes, audio_record.o(i.BSP_AUDIO_IN_TransferComplete_CallBack))
<BR><BR>[Called By]<UL><LI><a href="#[fd]">&gt;&gt;</a>&nbsp;&nbsp;&nbsp;HAL_I2S_RxCpltCallback
</UL>

<P><STRONG><a name="[cb]"></a>BSP_AUDIO_OUT_ClockConfig</STRONG> (Thumb, 114 bytes, Stack size 48 bytes, stm32f411e_discovery_audio.o(i.BSP_AUDIO_OUT_ClockConfig))
<BR><BR>[Stack]<UL><LI>Max Depth = 72<LI>Call Chain = BSP_AUDIO_OUT_ClockConfig &rArr; HAL_RCCEx_PeriphCLKConfig
</UL>
<BR>[Calls]<UL><LI><a href="#[be]">&gt;&gt;</a>&nbsp;&nbsp;&nbsp;HAL_RCCEx_PeriphCLKConfig
<LI><a href="#[bd]">&gt;&gt;</a>&nbsp;&nbsp;&nbsp;HAL_RCCEx_GetPeriphCLKConfig
</UL>
<BR>[Called By]<UL><LI><a href="#[b5]">&gt;&gt;</a>&nbsp;&nbsp;&nbsp;BSP_AUDIO_OUT_Init
</UL>

<P><STRONG><a name="[cc]"></a>BSP_AUDIO_OUT_Error_CallBack</STRONG> (Thumb, 8 bytes, Stack size 8 bytes, audio_play.o(i.BSP_AUDIO_OUT_Error_CallBack))
<BR><BR>[Stack]<UL><LI>Max Depth = 16<LI>Call Chain = BSP_AUDIO_OUT_Error_CallBack &rArr; Error_Handler &rArr; BSP_LED_On
</UL>
<BR>[Calls]<UL><LI><a href="#[ac]">&gt;&gt;</a>&nbsp;&nbsp;&nbsp;Error_Handler
</UL>
<BR>[Called By]<UL><LI><a href="#[f6]">&gt;&gt;</a>&nbsp;&nbsp;&nbsp;HAL_I2S_ErrorCallback
</UL>

<P><STRONG><a name="[103]"></a>BSP_AUDIO_OUT_HalfTransfer_CallBack</STRONG> (Thumb, 2 bytes, Stack size 0 bytes, stm32f411e_discovery_audio.o(i.BSP_AUDIO_OUT_HalfTransfer_CallBack))
<BR><BR>[Called By]<UL><LI><a href="#[102]">&gt;&gt;</a>&nbsp;&nbsp;&nbsp;HAL_I2S_TxHalfCpltCallback
</UL>

<P><STRONG><a name="[b5]"></a>BSP_AUDIO_OUT_Init</STRONG> (Thumb, 108 bytes, Stack size 24 bytes, stm32f411e_discovery_audio.o(i.BSP_AUDIO_OUT_Init))
<BR><BR>[Stack]<UL><LI>Max Depth = 112<LI>Call Chain = BSP_AUDIO_OUT_Init &rArr; BSP_AUDIO_OUT_MspInit &rArr; HAL_NVIC_SetPriority &rArr; NVIC_SetPriority
</UL>
<BR>[Calls]<UL><LI><a href="#[cd]">&gt;&gt;</a>&nbsp;&nbsp;&nbsp;BSP_AUDIO_OUT_MspInit
<LI><a href="#[cb]">&gt;&gt;</a>&nbsp;&nbsp;&nbsp;BSP_AUDIO_OUT_ClockConfig
<LI><a href="#[c1]">&gt;&gt;</a>&nbsp;&nbsp;&nbsp;HAL_I2S_GetState
<LI><a href="#[ce]">&gt;&gt;</a>&nbsp;&nbsp;&nbsp;I2S3_Init
</UL>
<BR>[Called By]<UL><LI><a href="#[a6]">&gt;&gt;</a>&nbsp;&nbsp;&nbsp;AudioRecord_Test
</UL>

<P><STRONG><a name="[cd]"></a>BSP_AUDIO_OUT_MspInit</STRONG> (Thumb, 338 bytes, Stack size 40 bytes, stm32f411e_discovery_audio.o(i.BSP_AUDIO_OUT_MspInit))
<BR><BR>[Stack]<UL><LI>Max Depth = 88<LI>Call Chain = BSP_AUDIO_OUT_MspInit &rArr; HAL_NVIC_SetPriority &rArr; NVIC_SetPriority
</UL>
<BR>[Calls]<UL><LI><a href="#[9e]">&gt;&gt;</a>&nbsp;&nbsp;&nbsp;HAL_GPIO_Init
<LI><a href="#[c6]">&gt;&gt;</a>&nbsp;&nbsp;&nbsp;HAL_NVIC_SetPriority
<LI><a href="#[c7]">&gt;&gt;</a>&nbsp;&nbsp;&nbsp;HAL_NVIC_EnableIRQ
<LI><a href="#[c5]">&gt;&gt;</a>&nbsp;&nbsp;&nbsp;HAL_DMA_Init
<LI><a href="#[c4]">&gt;&gt;</a>&nbsp;&nbsp;&nbsp;HAL_DMA_DeInit
</UL>
<BR>[Called By]<UL><LI><a href="#[b5]">&gt;&gt;</a>&nbsp;&nbsp;&nbsp;BSP_AUDIO_OUT_Init
</UL>

<P><STRONG><a name="[cf]"></a>BSP_AUDIO_OUT_Play</STRONG> (Thumb, 58 bytes, Stack size 16 bytes, stm32f411e_discovery_audio.o(i.BSP_AUDIO_OUT_Play))
<BR><BR>[Stack]<UL><LI>Max Depth = 84<LI>Call Chain = BSP_AUDIO_OUT_Play &rArr; HAL_I2S_Transmit_DMA &rArr; HAL_DMA_Start_IT &rArr; DMA_SetConfig
</UL>
<BR>[Calls]<UL><LI><a href="#[d0]">&gt;&gt;</a>&nbsp;&nbsp;&nbsp;HAL_I2S_Transmit_DMA
</UL>
<BR>[Called By]<UL><LI><a href="#[b6]">&gt;&gt;</a>&nbsp;&nbsp;&nbsp;SpeakerStart
</UL>

<P><STRONG><a name="[ba]"></a>BSP_AUDIO_OUT_Stop</STRONG> (Thumb, 52 bytes, Stack size 8 bytes, stm32f411e_discovery_audio.o(i.BSP_AUDIO_OUT_Stop))
<BR><BR>[Stack]<UL><LI>Max Depth = 56<LI>Call Chain = BSP_AUDIO_OUT_Stop &rArr; HAL_I2S_DMAStop &rArr; I2S_WaitFlagStateUntilTimeout
</UL>
<BR>[Calls]<UL><LI><a href="#[a1]">&gt;&gt;</a>&nbsp;&nbsp;&nbsp;myDelay
<LI><a href="#[a0]">&gt;&gt;</a>&nbsp;&nbsp;&nbsp;HAL_GPIO_WritePin
<LI><a href="#[ca]">&gt;&gt;</a>&nbsp;&nbsp;&nbsp;HAL_I2S_DMAStop
</UL>
<BR>[Called By]<UL><LI><a href="#[a6]">&gt;&gt;</a>&nbsp;&nbsp;&nbsp;AudioRecord_Test
</UL>

<P><STRONG><a name="[d1]"></a>BSP_AUDIO_OUT_TransferComplete_CallBack</STRONG> (Thumb, 8 bytes, Stack size 8 bytes, audio_play.o(i.BSP_AUDIO_OUT_TransferComplete_CallBack))
<BR><BR>[Stack]<UL><LI>Max Depth = 136 + Unknown Stack Size
<LI>Call Chain = BSP_AUDIO_OUT_TransferComplete_CallBack &rArr; FillNextBuffer &rArr; fifo_read &rArr; fifo_used &rArr; __aeabi_assert &rArr; abort &rArr; __rt_SIGABRT &rArr; __rt_SIGABRT_inner &rArr; __default_signal_display &rArr; _ttywrch
</UL>
<BR>[Calls]<UL><LI><a href="#[d2]">&gt;&gt;</a>&nbsp;&nbsp;&nbsp;FillNextBuffer
</UL>
<BR>[Called By]<UL><LI><a href="#[101]">&gt;&gt;</a>&nbsp;&nbsp;&nbsp;HAL_I2S_TxCpltCallback
</UL>

<P><STRONG><a name="[d3]"></a>BSP_LED_Init</STRONG> (Thumb, 204 bytes, Stack size 32 bytes, stm32f411e_discovery.o(i.BSP_LED_Init))
<BR><BR>[Stack]<UL><LI>Max Depth = 56<LI>Call Chain = BSP_LED_Init &rArr; HAL_GPIO_Init
</UL>
<BR>[Calls]<UL><LI><a href="#[a0]">&gt;&gt;</a>&nbsp;&nbsp;&nbsp;HAL_GPIO_WritePin
<LI><a href="#[9e]">&gt;&gt;</a>&nbsp;&nbsp;&nbsp;HAL_GPIO_Init
</UL>
<BR>[Called By]<UL><LI><a href="#[7c]">&gt;&gt;</a>&nbsp;&nbsp;&nbsp;main
</UL>

<P><STRONG><a name="[ad]"></a>BSP_LED_Off</STRONG> (Thumb, 24 bytes, Stack size 8 bytes, stm32f411e_discovery.o(i.BSP_LED_Off))
<BR><BR>[Stack]<UL><LI>Max Depth = 8<LI>Call Chain = BSP_LED_Off
</UL>
<BR>[Calls]<UL><LI><a href="#[a0]">&gt;&gt;</a>&nbsp;&nbsp;&nbsp;HAL_GPIO_WritePin
</UL>
<BR>[Called By]<UL><LI><a href="#[a6]">&gt;&gt;</a>&nbsp;&nbsp;&nbsp;AudioRecord_Test
<LI><a href="#[7c]">&gt;&gt;</a>&nbsp;&nbsp;&nbsp;main
</UL>

<P><STRONG><a name="[ae]"></a>BSP_LED_On</STRONG> (Thumb, 24 bytes, Stack size 8 bytes, stm32f411e_discovery.o(i.BSP_LED_On))
<BR><BR>[Stack]<UL><LI>Max Depth = 8<LI>Call Chain = BSP_LED_On
</UL>
<BR>[Calls]<UL><LI><a href="#[a0]">&gt;&gt;</a>&nbsp;&nbsp;&nbsp;HAL_GPIO_WritePin
</UL>
<BR>[Called By]<UL><LI><a href="#[a6]">&gt;&gt;</a>&nbsp;&nbsp;&nbsp;AudioRecord_Test
<LI><a href="#[ac]">&gt;&gt;</a>&nbsp;&nbsp;&nbsp;Error_Handler
</UL>

<P><STRONG><a name="[d4]"></a>BSP_LED_Toggle</STRONG> (Thumb, 22 bytes, Stack size 8 bytes, stm32f411e_discovery.o(i.BSP_LED_Toggle))
<BR><BR>[Stack]<UL><LI>Max Depth = 16<LI>Call Chain = BSP_LED_Toggle &rArr; HAL_GPIO_TogglePin
</UL>
<BR>[Calls]<UL><LI><a href="#[d5]">&gt;&gt;</a>&nbsp;&nbsp;&nbsp;HAL_GPIO_TogglePin
</UL>
<BR>[Called By]<UL><LI><a href="#[140]">&gt;&gt;</a>&nbsp;&nbsp;&nbsp;Toggle_Leds
</UL>

<P><STRONG><a name="[d6]"></a>BSP_PB_GetState</STRONG> (Thumb, 22 bytes, Stack size 8 bytes, stm32f411e_discovery.o(i.BSP_PB_GetState))
<BR><BR>[Stack]<UL><LI>Max Depth = 8<LI>Call Chain = BSP_PB_GetState
</UL>
<BR>[Calls]<UL><LI><a href="#[d7]">&gt;&gt;</a>&nbsp;&nbsp;&nbsp;HAL_GPIO_ReadPin
</UL>
<BR>[Called By]<UL><LI><a href="#[e6]">&gt;&gt;</a>&nbsp;&nbsp;&nbsp;HAL_GPIO_EXTI_Callback
</UL>

<P><STRONG><a name="[d8]"></a>BSP_PB_Init</STRONG> (Thumb, 140 bytes, Stack size 40 bytes, stm32f411e_discovery.o(i.BSP_PB_Init))
<BR><BR>[Stack]<UL><LI>Max Depth = 88<LI>Call Chain = BSP_PB_Init &rArr; HAL_NVIC_SetPriority &rArr; NVIC_SetPriority
</UL>
<BR>[Calls]<UL><LI><a href="#[9e]">&gt;&gt;</a>&nbsp;&nbsp;&nbsp;HAL_GPIO_Init
<LI><a href="#[c6]">&gt;&gt;</a>&nbsp;&nbsp;&nbsp;HAL_NVIC_SetPriority
<LI><a href="#[c7]">&gt;&gt;</a>&nbsp;&nbsp;&nbsp;HAL_NVIC_EnableIRQ
</UL>
<BR>[Called By]<UL><LI><a href="#[7c]">&gt;&gt;</a>&nbsp;&nbsp;&nbsp;main
</UL>

<P><STRONG><a name="[19]"></a>BusFault_Handler</STRONG> (Thumb, 4 bytes, Stack size 0 bytes, stm32f4xx_it.o(i.BusFault_Handler))
<BR>[Address Reference Count : 1]<UL><LI> startup_stm32f411xe.o(RESET)
</UL>
<P><STRONG><a name="[128]"></a>CRC_Lock</STRONG> (Thumb, 82 bytes, Stack size 0 bytes, stm32_crc_lock.o(i.CRC_Lock))
<BR><BR>[Called By]<UL><LI><a href="#[126]">&gt;&gt;</a>&nbsp;&nbsp;&nbsp;PDM_Filter_Init
</UL>

<P><STRONG><a name="[2d]"></a>DMA1_Stream3_IRQHandler</STRONG> (Thumb, 12 bytes, Stack size 8 bytes, stm32f4xx_it.o(i.DMA1_Stream3_IRQHandler))
<BR><BR>[Stack]<UL><LI>Max Depth = 32<LI>Call Chain = DMA1_Stream3_IRQHandler &rArr; HAL_DMA_IRQHandler
</UL>
<BR>[Calls]<UL><LI><a href="#[db]">&gt;&gt;</a>&nbsp;&nbsp;&nbsp;HAL_DMA_IRQHandler
</UL>
<BR>[Address Reference Count : 1]<UL><LI> startup_stm32f411xe.o(RESET)
</UL>
<P><STRONG><a name="[45]"></a>DMA1_Stream7_IRQHandler</STRONG> (Thumb, 12 bytes, Stack size 8 bytes, stm32f4xx_it.o(i.DMA1_Stream7_IRQHandler))
<BR><BR>[Stack]<UL><LI>Max Depth = 32<LI>Call Chain = DMA1_Stream7_IRQHandler &rArr; HAL_DMA_IRQHandler
</UL>
<BR>[Calls]<UL><LI><a href="#[db]">&gt;&gt;</a>&nbsp;&nbsp;&nbsp;HAL_DMA_IRQHandler
</UL>
<BR>[Address Reference Count : 1]<UL><LI> startup_stm32f411xe.o(RESET)
</UL>
<P><STRONG><a name="[1c]"></a>DebugMon_Handler</STRONG> (Thumb, 2 bytes, Stack size 0 bytes, stm32f4xx_it.o(i.DebugMon_Handler))
<BR>[Address Reference Count : 1]<UL><LI> startup_stm32f411xe.o(RESET)
</UL>
<P><STRONG><a name="[25]"></a>EXTI0_IRQHandler</STRONG> (Thumb, 10 bytes, Stack size 8 bytes, stm32f4xx_it.o(i.EXTI0_IRQHandler))
<BR><BR>[Stack]<UL><LI>Max Depth = 32<LI>Call Chain = EXTI0_IRQHandler &rArr; HAL_GPIO_EXTI_IRQHandler &rArr; HAL_GPIO_EXTI_Callback &rArr; BSP_PB_GetState
</UL>
<BR>[Calls]<UL><LI><a href="#[dc]">&gt;&gt;</a>&nbsp;&nbsp;&nbsp;HAL_GPIO_EXTI_IRQHandler
</UL>
<BR>[Address Reference Count : 1]<UL><LI> startup_stm32f411xe.o(RESET)
</UL>
<P><STRONG><a name="[29]"></a>EXTI4_IRQHandler</STRONG> (Thumb, 10 bytes, Stack size 8 bytes, stm32f4xx_it.o(i.EXTI4_IRQHandler))
<BR><BR>[Stack]<UL><LI>Max Depth = 32<LI>Call Chain = EXTI4_IRQHandler &rArr; HAL_GPIO_EXTI_IRQHandler &rArr; HAL_GPIO_EXTI_Callback &rArr; BSP_PB_GetState
</UL>
<BR>[Calls]<UL><LI><a href="#[dc]">&gt;&gt;</a>&nbsp;&nbsp;&nbsp;HAL_GPIO_EXTI_IRQHandler
</UL>
<BR>[Address Reference Count : 1]<UL><LI> startup_stm32f411xe.o(RESET)
</UL>
<P><STRONG><a name="[ac]"></a>Error_Handler</STRONG> (Thumb, 10 bytes, Stack size 0 bytes, main.o(i.Error_Handler))
<BR><BR>[Stack]<UL><LI>Max Depth = 8<LI>Call Chain = Error_Handler &rArr; BSP_LED_On
</UL>
<BR>[Calls]<UL><LI><a href="#[ae]">&gt;&gt;</a>&nbsp;&nbsp;&nbsp;BSP_LED_On
</UL>
<BR>[Called By]<UL><LI><a href="#[cc]">&gt;&gt;</a>&nbsp;&nbsp;&nbsp;BSP_AUDIO_OUT_Error_CallBack
<LI><a href="#[bf]">&gt;&gt;</a>&nbsp;&nbsp;&nbsp;BSP_AUDIO_IN_Error_Callback
<LI><a href="#[a6]">&gt;&gt;</a>&nbsp;&nbsp;&nbsp;AudioRecord_Test
<LI><a href="#[13f]">&gt;&gt;</a>&nbsp;&nbsp;&nbsp;SystemClock_Config
<LI><a href="#[125]">&gt;&gt;</a>&nbsp;&nbsp;&nbsp;MX_USART1_UART_Init
<LI><a href="#[124]">&gt;&gt;</a>&nbsp;&nbsp;&nbsp;MX_SPI1_Init
</UL>

<P><STRONG><a name="[df]"></a>HAL_DMA_Abort</STRONG> (Thumb, 172 bytes, Stack size 16 bytes, stm32f4xx_hal_dma.o(i.HAL_DMA_Abort))
<BR><BR>[Stack]<UL><LI>Max Depth = 16<LI>Call Chain = HAL_DMA_Abort
</UL>
<BR>[Calls]<UL><LI><a href="#[e0]">&gt;&gt;</a>&nbsp;&nbsp;&nbsp;HAL_GetTick
</UL>
<BR>[Called By]<UL><LI><a href="#[ca]">&gt;&gt;</a>&nbsp;&nbsp;&nbsp;HAL_I2S_DMAStop
</UL>

<P><STRONG><a name="[c4]"></a>HAL_DMA_DeInit</STRONG> (Thumb, 112 bytes, Stack size 16 bytes, stm32f4xx_hal_dma.o(i.HAL_DMA_DeInit))
<BR><BR>[Stack]<UL><LI>Max Depth = 16<LI>Call Chain = HAL_DMA_DeInit
</UL>
<BR>[Calls]<UL><LI><a href="#[e1]">&gt;&gt;</a>&nbsp;&nbsp;&nbsp;DMA_CalcBaseAndBitshift
</UL>
<BR>[Called By]<UL><LI><a href="#[cd]">&gt;&gt;</a>&nbsp;&nbsp;&nbsp;BSP_AUDIO_OUT_MspInit
<LI><a href="#[c2]">&gt;&gt;</a>&nbsp;&nbsp;&nbsp;BSP_AUDIO_IN_MspInit
</UL>

<P><STRONG><a name="[db]"></a>HAL_DMA_IRQHandler</STRONG> (Thumb, 570 bytes, Stack size 24 bytes, stm32f4xx_hal_dma.o(i.HAL_DMA_IRQHandler))
<BR><BR>[Stack]<UL><LI>Max Depth = 24<LI>Call Chain = HAL_DMA_IRQHandler
</UL>
<BR>[Called By]<UL><LI><a href="#[45]">&gt;&gt;</a>&nbsp;&nbsp;&nbsp;DMA1_Stream7_IRQHandler
<LI><a href="#[2d]">&gt;&gt;</a>&nbsp;&nbsp;&nbsp;DMA1_Stream3_IRQHandler
</UL>

<P><STRONG><a name="[c5]"></a>HAL_DMA_Init</STRONG> (Thumb, 232 bytes, Stack size 24 bytes, stm32f4xx_hal_dma.o(i.HAL_DMA_Init))
<BR><BR>[Stack]<UL><LI>Max Depth = 24<LI>Call Chain = HAL_DMA_Init
</UL>
<BR>[Calls]<UL><LI><a href="#[e0]">&gt;&gt;</a>&nbsp;&nbsp;&nbsp;HAL_GetTick
<LI><a href="#[e2]">&gt;&gt;</a>&nbsp;&nbsp;&nbsp;DMA_CheckFifoParam
<LI><a href="#[e1]">&gt;&gt;</a>&nbsp;&nbsp;&nbsp;DMA_CalcBaseAndBitshift
</UL>
<BR>[Called By]<UL><LI><a href="#[cd]">&gt;&gt;</a>&nbsp;&nbsp;&nbsp;BSP_AUDIO_OUT_MspInit
<LI><a href="#[c2]">&gt;&gt;</a>&nbsp;&nbsp;&nbsp;BSP_AUDIO_IN_MspInit
</UL>

<P><STRONG><a name="[e3]"></a>HAL_DMA_Start_IT</STRONG> (Thumb, 146 bytes, Stack size 32 bytes, stm32f4xx_hal_dma.o(i.HAL_DMA_Start_IT))
<BR><BR>[Stack]<UL><LI>Max Depth = 44<LI>Call Chain = HAL_DMA_Start_IT &rArr; DMA_SetConfig
</UL>
<BR>[Calls]<UL><LI><a href="#[e4]">&gt;&gt;</a>&nbsp;&nbsp;&nbsp;DMA_SetConfig
</UL>
<BR>[Called By]<UL><LI><a href="#[d0]">&gt;&gt;</a>&nbsp;&nbsp;&nbsp;HAL_I2S_Transmit_DMA
<LI><a href="#[c9]">&gt;&gt;</a>&nbsp;&nbsp;&nbsp;HAL_I2S_Receive_DMA
</UL>

<P><STRONG><a name="[e5]"></a>HAL_Delay</STRONG> (Thumb, 36 bytes, Stack size 16 bytes, stm32f4xx_hal.o(i.HAL_Delay))
<BR><BR>[Stack]<UL><LI>Max Depth = 16<LI>Call Chain = HAL_Delay
</UL>
<BR>[Calls]<UL><LI><a href="#[e0]">&gt;&gt;</a>&nbsp;&nbsp;&nbsp;HAL_GetTick
</UL>
<BR>[Called By]<UL><LI><a href="#[135]">&gt;&gt;</a>&nbsp;&nbsp;&nbsp;SX1278_hw_DelayMs
</UL>

<P><STRONG><a name="[e6]"></a>HAL_GPIO_EXTI_Callback</STRONG> (Thumb, 28 bytes, Stack size 8 bytes, main.o(i.HAL_GPIO_EXTI_Callback))
<BR><BR>[Stack]<UL><LI>Max Depth = 16<LI>Call Chain = HAL_GPIO_EXTI_Callback &rArr; BSP_PB_GetState
</UL>
<BR>[Calls]<UL><LI><a href="#[d6]">&gt;&gt;</a>&nbsp;&nbsp;&nbsp;BSP_PB_GetState
</UL>
<BR>[Called By]<UL><LI><a href="#[dc]">&gt;&gt;</a>&nbsp;&nbsp;&nbsp;HAL_GPIO_EXTI_IRQHandler
</UL>

<P><STRONG><a name="[dc]"></a>HAL_GPIO_EXTI_IRQHandler</STRONG> (Thumb, 24 bytes, Stack size 8 bytes, stm32f4xx_hal_gpio.o(i.HAL_GPIO_EXTI_IRQHandler))
<BR><BR>[Stack]<UL><LI>Max Depth = 24<LI>Call Chain = HAL_GPIO_EXTI_IRQHandler &rArr; HAL_GPIO_EXTI_Callback &rArr; BSP_PB_GetState
</UL>
<BR>[Calls]<UL><LI><a href="#[e6]">&gt;&gt;</a>&nbsp;&nbsp;&nbsp;HAL_GPIO_EXTI_Callback
</UL>
<BR>[Called By]<UL><LI><a href="#[29]">&gt;&gt;</a>&nbsp;&nbsp;&nbsp;EXTI4_IRQHandler
<LI><a href="#[25]">&gt;&gt;</a>&nbsp;&nbsp;&nbsp;EXTI0_IRQHandler
</UL>

<P><STRONG><a name="[9e]"></a>HAL_GPIO_Init</STRONG> (Thumb, 422 bytes, Stack size 24 bytes, stm32f4xx_hal_gpio.o(i.HAL_GPIO_Init))
<BR><BR>[Stack]<UL><LI>Max Depth = 24<LI>Call Chain = HAL_GPIO_Init
</UL>
<BR>[Called By]<UL><LI><a href="#[9d]">&gt;&gt;</a>&nbsp;&nbsp;&nbsp;AUDIO_IO_Init
<LI><a href="#[119]">&gt;&gt;</a>&nbsp;&nbsp;&nbsp;HAL_UART_MspInit
<LI><a href="#[112]">&gt;&gt;</a>&nbsp;&nbsp;&nbsp;HAL_SPI_MspInit
<LI><a href="#[d8]">&gt;&gt;</a>&nbsp;&nbsp;&nbsp;BSP_PB_Init
<LI><a href="#[d3]">&gt;&gt;</a>&nbsp;&nbsp;&nbsp;BSP_LED_Init
<LI><a href="#[123]">&gt;&gt;</a>&nbsp;&nbsp;&nbsp;MX_GPIO_Init
<LI><a href="#[11f]">&gt;&gt;</a>&nbsp;&nbsp;&nbsp;I2Cx_MspInit
<LI><a href="#[cd]">&gt;&gt;</a>&nbsp;&nbsp;&nbsp;BSP_AUDIO_OUT_MspInit
<LI><a href="#[c2]">&gt;&gt;</a>&nbsp;&nbsp;&nbsp;BSP_AUDIO_IN_MspInit
</UL>

[...]
<BR>[Calls]<UL><LI><a href="#[ff]">&gt;&gt;</a>&nbsp;&nbsp;&nbsp;HAL_I2S_RxHalfCpltCallback
</UL>
<BR>[Address Reference Count : 1]<UL><LI> stm32f4xx_hal_i2s.o(i.HAL_I2S_Receive_DMA)
</UL>
<P><STRONG><a name="[60]"></a>I2S_DMATxCplt</STRONG> (Thumb, 40 bytes, Stack size 16 bytes, stm32f4xx_hal_i2s.o(i.I2S_DMATxCplt))
<BR><BR>[Stack]<UL><LI>Max Depth = 160 + Unknown Stack Size
<LI>Call Chain = I2S_DMATxCplt &rArr; HAL_I2S_TxCpltCallback &rArr; BSP_AUDIO_OUT_TransferComplete_CallBack &rArr; FillNextBuffer &rArr; fifo_read &rArr; fifo_used &rArr; __aeabi_assert &rArr; abort &rArr; __rt_SIGABRT &rArr; __rt_SIGABRT_inner &rArr; __default_signal_display &rArr; _ttywrch
</UL>
<BR>[Calls]<UL><LI><a href="#[101]">&gt;&gt;</a>&nbsp;&nbsp;&nbsp;HAL_I2S_TxCpltCallback
</UL>
<BR>[Address Reference Count : 1]<UL><LI> stm32f4xx_hal_i2s.o(i.HAL_I2S_Transmit_DMA)
</UL>
<P><STRONG><a name="[5f]"></a>I2S_DMATxHalfCplt</STRONG> (Thumb, 14 bytes, Stack size 16 bytes, stm32f4xx_hal_i2s.o(i.I2S_DMATxHalfCplt))
<BR><BR>[Stack]<UL><LI>Max Depth = 24<LI>Call Chain = I2S_DMATxHalfCplt &rArr; HAL_I2S_TxHalfCpltCallback
</UL>
<BR>[Calls]<UL><LI><a href="#[102]">&gt;&gt;</a>&nbsp;&nbsp;&nbsp;HAL_I2S_TxHalfCpltCallback
</UL>
<BR>[Address Reference Count : 1]<UL><LI> stm32f4xx_hal_i2s.o(i.HAL_I2S_Transmit_DMA)
</UL>
<P><STRONG><a name="[5a]"></a>I2S_IRQHandler</STRONG> (Thumb, 220 bytes, Stack size 16 bytes, stm32f4xx_hal_i2s.o(i.I2S_IRQHandler))
<BR><BR>[Stack]<UL><LI>Max Depth = 168 + Unknown Stack Size
<LI>Call Chain = I2S_IRQHandler &rArr; I2S_Transmit_IT &rArr; HAL_I2S_TxCpltCallback &rArr; BSP_AUDIO_OUT_TransferComplete_CallBack &rArr; FillNextBuffer &rArr; fifo_read &rArr; fifo_used &rArr; __aeabi_assert &rArr; abort &rArr; __rt_SIGABRT &rArr; __rt_SIGABRT_inner &rArr; __default_signal_display &rArr; _ttywrch
</UL>
<BR>[Calls]<UL><LI><a href="#[122]">&gt;&gt;</a>&nbsp;&nbsp;&nbsp;I2S_Transmit_IT
<LI><a href="#[121]">&gt;&gt;</a>&nbsp;&nbsp;&nbsp;I2S_Receive_IT
<LI><a href="#[f6]">&gt;&gt;</a>&nbsp;&nbsp;&nbsp;HAL_I2S_ErrorCallback
</UL>
<BR>[Address Reference Count : 1]<UL><LI> stm32f4xx_hal_i2s.o(i.HAL_I2S_Init)
</UL>
<P><STRONG><a name="[121]"></a>I2S_Receive_IT</STRONG> (Thumb, 54 bytes, Stack size 8 bytes, stm32f4xx_hal_i2s.o(i.I2S_Receive_IT))
<BR><BR>[Stack]<UL><LI>Max Depth = 16<LI>Call Chain = I2S_Receive_IT &rArr; HAL_I2S_RxCpltCallback
</UL>
<BR>[Calls]<UL><LI><a href="#[fd]">&gt;&gt;</a>&nbsp;&nbsp;&nbsp;HAL_I2S_RxCpltCallback
</UL>
<BR>[Called By]<UL><LI><a href="#[5a]">&gt;&gt;</a>&nbsp;&nbsp;&nbsp;I2S_IRQHandler
</UL>

<P><STRONG><a name="[122]"></a>I2S_Transmit_IT</STRONG> (Thumb, 54 bytes, Stack size 8 bytes, stm32f4xx_hal_i2s.o(i.I2S_Transmit_IT))
<BR><BR>[Stack]<UL><LI>Max Depth = 152 + Unknown Stack Size
<LI>Call Chain = I2S_Transmit_IT &rArr; HAL_I2S_TxCpltCallback &rArr; BSP_AUDIO_OUT_TransferComplete_CallBack &rArr; FillNextBuffer &rArr; fifo_read &rArr; fifo_used &rArr; __aeabi_assert &rArr; abort &rArr; __rt_SIGABRT &rArr; __rt_SIGABRT_inner &rArr; __default_signal_display &rArr; _ttywrch
</UL>
<BR>[Calls]<UL><LI><a href="#[101]">&gt;&gt;</a>&nbsp;&nbsp;&nbsp;HAL_I2S_TxCpltCallback
</UL>
<BR>[Called By]<UL><LI><a href="#[5a]">&gt;&gt;</a>&nbsp;&nbsp;&nbsp;I2S_IRQHandler
</UL>

<P><STRONG><a name="[f9]"></a>I2S_WaitFlagStateUntilTimeout</STRONG> (Thumb, 84 bytes, Stack size 24 bytes, stm32f4xx_hal_i2s.o(i.I2S_WaitFlagStateUntilTimeout))
<BR><BR>[Stack]<UL><LI>Max Depth = 24<LI>Call Chain = I2S_WaitFlagStateUntilTimeout
</UL>
<BR>[Calls]<UL><LI><a href="#[e0]">&gt;&gt;</a>&nbsp;&nbsp;&nbsp;HAL_GetTick
</UL>
<BR>[Called By]<UL><LI><a href="#[ca]">&gt;&gt;</a>&nbsp;&nbsp;&nbsp;HAL_I2S_DMAStop
</UL>

<P><STRONG><a name="[e1]"></a>DMA_CalcBaseAndBitshift</STRONG> (Thumb, 46 bytes, Stack size 0 bytes, stm32f4xx_hal_dma.o(i.DMA_CalcBaseAndBitshift))
<BR><BR>[Called By]<UL><LI><a href="#[c5]">&gt;&gt;</a>&nbsp;&nbsp;&nbsp;HAL_DMA_Init
<LI><a href="#[c4]">&gt;&gt;</a>&nbsp;&nbsp;&nbsp;HAL_DMA_DeInit
</UL>

<P><STRONG><a name="[e2]"></a>DMA_CheckFifoParam</STRONG> (Thumb, 170 bytes, Stack size 0 bytes, stm32f4xx_hal_dma.o(i.DMA_CheckFifoParam))
<BR><BR>[Called By]<UL><LI><a href="#[c5]">&gt;&gt;</a>&nbsp;&nbsp;&nbsp;HAL_DMA_Init
</UL>

<P><STRONG><a name="[e4]"></a>DMA_SetConfig</STRONG> (Thumb, 44 bytes, Stack size 12 bytes, stm32f4xx_hal_dma.o(i.DMA_SetConfig))
<BR><BR>[Stack]<UL><LI>Max Depth = 12<LI>Call Chain = DMA_SetConfig
</UL>
<BR>[Called By]<UL><LI><a href="#[e3]">&gt;&gt;</a>&nbsp;&nbsp;&nbsp;HAL_DMA_Start_IT
</UL>

<P><STRONG><a name="[11c]"></a>I2C_IsAcknowledgeFailed</STRONG> (Thumb, 62 bytes, Stack size 0 bytes, stm32f4xx_hal_i2c.o(i.I2C_IsAcknowledgeFailed))
<BR><BR>[Called By]<UL><LI><a href="#[f2]">&gt;&gt;</a>&nbsp;&nbsp;&nbsp;I2C_WaitOnTXEFlagUntilTimeout
<LI><a href="#[f3]">&gt;&gt;</a>&nbsp;&nbsp;&nbsp;I2C_WaitOnBTFFlagUntilTimeout
</UL>

<P><STRONG><a name="[ee]"></a>I2C_RequestMemoryRead</STRONG> (Thumb, 348 bytes, Stack size 32 bytes, stm32f4xx_hal_i2c.o(i.I2C_RequestMemoryRead))
<BR><BR>[Stack]<UL><LI>Max Depth = 56<LI>Call Chain = I2C_RequestMemoryRead &rArr; I2C_WaitOnMasterAddressFlagUntilTimeout
</UL>
<BR>[Calls]<UL><LI><a href="#[f2]">&gt;&gt;</a>&nbsp;&nbsp;&nbsp;I2C_WaitOnTXEFlagUntilTimeout
<LI><a href="#[11b]">&gt;&gt;</a>&nbsp;&nbsp;&nbsp;I2C_WaitOnMasterAddressFlagUntilTimeout
<LI><a href="#[ed]">&gt;&gt;</a>&nbsp;&nbsp;&nbsp;I2C_WaitOnFlagUntilTimeout
</UL>
<BR>[Called By]<UL><LI><a href="#[ec]">&gt;&gt;</a>&nbsp;&nbsp;&nbsp;HAL_I2C_Mem_Read
</UL>

<P><STRONG><a name="[f1]"></a>I2C_RequestMemoryWrite</STRONG> (Thumb, 220 bytes, Stack size 32 bytes, stm32f4xx_hal_i2c.o(i.I2C_RequestMemoryWrite))
<BR><BR>[Stack]<UL><LI>Max Depth = 56<LI>Call Chain = I2C_RequestMemoryWrite &rArr; I2C_WaitOnMasterAddressFlagUntilTimeout
</UL>
<BR>[Calls]<UL><LI><a href="#[f2]">&gt;&gt;</a>&nbsp;&nbsp;&nbsp;I2C_WaitOnTXEFlagUntilTimeout
<LI><a href="#[11b]">&gt;&gt;</a>&nbsp;&nbsp;&nbsp;I2C_WaitOnMasterAddressFlagUntilTimeout
<LI><a href="#[ed]">&gt;&gt;</a>&nbsp;&nbsp;&nbsp;I2C_WaitOnFlagUntilTimeout
</UL>
<BR>[Called By]<UL><LI><a href="#[f0]">&gt;&gt;</a>&nbsp;&nbsp;&nbsp;HAL_I2C_Mem_Write
</UL>

<P><STRONG><a name="[f3]"></a>I2C_WaitOnBTFFlagUntilTimeout</STRONG> (Thumb, 92 bytes, Stack size 16 bytes, stm32f4xx_hal_i2c.o(i.I2C_WaitOnBTFFlagUntilTimeout))
<BR><BR>[Stack]<UL><LI>Max Depth = 16<LI>Call Chain = I2C_WaitOnBTFFlagUntilTimeout
</UL>
<BR>[Calls]<UL><LI><a href="#[e0]">&gt;&gt;</a>&nbsp;&nbsp;&nbsp;HAL_GetTick
<LI><a href="#[11c]">&gt;&gt;</a>&nbsp;&nbsp;&nbsp;I2C_IsAcknowledgeFailed
</UL>
<BR>[Called By]<UL><LI><a href="#[f0]">&gt;&gt;</a>&nbsp;&nbsp;&nbsp;HAL_I2C_Mem_Write
</UL>

<P><STRONG><a name="[ed]"></a>I2C_WaitOnFlagUntilTimeout</STRONG> (Thumb, 134 bytes, Stack size 24 bytes, stm32f4xx_hal_i2c.o(i.I2C_WaitOnFlagUntilTimeout))
<BR><BR>[Stack]<UL><LI>Max Depth = 24<LI>Call Chain = I2C_WaitOnFlagUntilTimeout
</UL>
<BR>[Calls]<UL><LI><a href="#[e0]">&gt;&gt;</a>&nbsp;&nbsp;&nbsp;HAL_GetTick
</UL>
<BR>[Called By]<UL><LI><a href="#[f0]">&gt;&gt;</a>&nbsp;&nbsp;&nbsp;HAL_I2C_Mem_Write
<LI><a href="#[ec]">&gt;&gt;</a>&nbsp;&nbsp;&nbsp;HAL_I2C_Mem_Read
<LI><a href="#[f1]">&gt;&gt;</a>&nbsp;&nbsp;&nbsp;I2C_RequestMemoryWrite
<LI><a href="#[ee]">&gt;&gt;</a>&nbsp;&nbsp;&nbsp;I2C_RequestMemoryRead
</UL>

<P><STRONG><a name="[11b]"></a>I2C_WaitOnMasterAddressFlagUntilTimeout</STRONG> (Thumb, 196 bytes, Stack size 24 bytes, stm32f4xx_hal_i2c.o(i.I2C_WaitOnMasterAddressFlagUntilTimeout))
<BR><BR>[Stack]<UL><LI>Max Depth = 24<LI>Call Chain = I2C_WaitOnMasterAddressFlagUntilTimeout
</UL>
<BR>[Calls]<UL><LI><a href="#[e0]">&gt;&gt;</a>&nbsp;&nbsp;&nbsp;HAL_GetTick
</UL>
<BR>[Called By]<UL><LI><a href="#[f1]">&gt;&gt;</a>&nbsp;&nbsp;&nbsp;I2C_RequestMemoryWrite
<LI><a href="#[ee]">&gt;&gt;</a>&nbsp;&nbsp;&nbsp;I2C_RequestMemoryRead
</UL>

<P><STRONG><a name="[ef]"></a>I2C_WaitOnRXNEFlagUntilTimeout</STRONG> (Thumb, 128 bytes, Stack size 16 bytes, stm32f4xx_hal_i2c.o(i.I2C_WaitOnRXNEFlagUntilTimeout))
<BR><BR>[Stack]<UL><LI>Max Depth = 16<LI>Call Chain = I2C_WaitOnRXNEFlagUntilTimeout
</UL>
<BR>[Calls]<UL><LI><a href="#[e0]">&gt;&gt;</a>&nbsp;&nbsp;&nbsp;HAL_GetTick
</UL>
<BR>[Called By]<UL><LI><a href="#[ec]">&gt;&gt;</a>&nbsp;&nbsp;&nbsp;HAL_I2C_Mem_Read
</UL>

<P><STRONG><a name="[f2]"></a>I2C_WaitOnTXEFlagUntilTimeout</STRONG> (Thumb, 92 bytes, Stack size 16 bytes, stm32f4xx_hal_i2c.o(i.I2C_WaitOnTXEFlagUntilTimeout))
<BR><BR>[Stack]<UL><LI>Max Depth = 16<LI>Call Chain = I2C_WaitOnTXEFlagUntilTimeout
</UL>
<BR>[Calls]<UL><LI><a href="#[e0]">&gt;&gt;</a>&nbsp;&nbsp;&nbsp;HAL_GetTick
<LI><a href="#[11c]">&gt;&gt;</a>&nbsp;&nbsp;&nbsp;I2C_IsAcknowledgeFailed
</UL>
<BR>[Called By]<UL><LI><a href="#[f0]">&gt;&gt;</a>&nbsp;&nbsp;&nbsp;HAL_I2C_Mem_Write
<LI><a href="#[f1]">&gt;&gt;</a>&nbsp;&nbsp;&nbsp;I2C_RequestMemoryWrite
<LI><a href="#[ee]">&gt;&gt;</a>&nbsp;&nbsp;&nbsp;I2C_RequestMemoryRead
</UL>

<P><STRONG><a name="[f8]"></a>I2SEx_RxISR_I2S</STRONG> (Thumb, 58 bytes, Stack size 8 bytes, stm32f4xx_hal_i2s_ex.o(i.I2SEx_RxISR_I2S))
<BR><BR>[Stack]<UL><LI>Max Depth = 8<LI>Call Chain = I2SEx_RxISR_I2S
</UL>
<BR>[Calls]<UL><LI><a href="#[120]">&gt;&gt;</a>&nbsp;&nbsp;&nbsp;HAL_I2SEx_TxRxCpltCallback
</UL>
<BR>[Called By]<UL><LI><a href="#[5b]">&gt;&gt;</a>&nbsp;&nbsp;&nbsp;HAL_I2SEx_FullDuplex_IRQHandler
</UL>

<P><STRONG><a name="[f5]"></a>I2SEx_RxISR_I2SExt</STRONG> (Thumb, 100 bytes, Stack size 8 bytes, stm32f4xx_hal_i2s_ex.o(i.I2SEx_RxISR_I2SExt))
<BR><BR>[Stack]<UL><LI>Max Depth = 8<LI>Call Chain = I2SEx_RxISR_I2SExt
</UL>
<BR>[Calls]<UL><LI><a href="#[120]">&gt;&gt;</a>&nbsp;&nbsp;&nbsp;HAL_I2SEx_TxRxCpltCallback
</UL>
<BR>[Called By]<UL><LI><a href="#[5b]">&gt;&gt;</a>&nbsp;&nbsp;&nbsp;HAL_I2SEx_FullDuplex_IRQHandler
</UL>

<P><STRONG><a name="[f4]"></a>I2SEx_TxISR_I2S</STRONG> (Thumb, 56 bytes, Stack size 8 bytes, stm32f4xx_hal_i2s_ex.o(i.I2SEx_TxISR_I2S))
<BR><BR>[Stack]<UL><LI>Max Depth = 8<LI>Call Chain = I2SEx_TxISR_I2S
</UL>
<BR>[Calls]<UL><LI><a href="#[120]">&gt;&gt;</a>&nbsp;&nbsp;&nbsp;HAL_I2SEx_TxRxCpltCallback
</UL>
<BR>[Called By]<UL><LI><a href="#[5b]">&gt;&gt;</a>&nbsp;&nbsp;&nbsp;HAL_I2SEx_FullDuplex_IRQHandler
</UL>

<P><STRONG><a name="[f7]"></a>I2SEx_TxISR_I2SExt</STRONG> (Thumb, 98 bytes, Stack size 8 bytes, stm32f4xx_hal_i2s_ex.o(i.I2SEx_TxISR_I2SExt))
<BR><BR>[Stack]<UL><LI>Max Depth = 8<LI>Call Chain = I2SEx_TxISR_I2SExt
</UL>
<BR>[Calls]<UL><LI><a href="#[120]">&gt;&gt;</a>&nbsp;&nbsp;&nbsp;HAL_I2SEx_TxRxCpltCallback
</UL>
<BR>[Called By]<UL><LI><a href="#[5b]">&gt;&gt;</a>&nbsp;&nbsp;&nbsp;HAL_I2SEx_FullDuplex_IRQHandler
</UL>

<P><STRONG><a name="[115]"></a>SPI_EndRxTxTransaction</STRONG> (Thumb, 100 bytes, Stack size 24 bytes, stm32f4xx_hal_spi.o(i.SPI_EndRxTxTransaction))
<BR><BR>[Stack]<UL><LI>Max Depth = 64<LI>Call Chain = SPI_EndRxTxTransaction &rArr; SPI_WaitFlagStateUntilTimeout
</UL>
<BR>[Calls]<UL><LI><a href="#[117]">&gt;&gt;</a>&nbsp;&nbsp;&nbsp;SPI_WaitFlagStateUntilTimeout
</UL>
<BR>[Called By]<UL><LI><a href="#[116]">&gt;&gt;</a>&nbsp;&nbsp;&nbsp;HAL_SPI_TransmitReceive
<LI><a href="#[114]">&gt;&gt;</a>&nbsp;&nbsp;&nbsp;HAL_SPI_Transmit
</UL>

<P><STRONG><a name="[117]"></a>SPI_WaitFlagStateUntilTimeout</STRONG> (Thumb, 210 bytes, Stack size 40 bytes, stm32f4xx_hal_spi.o(i.SPI_WaitFlagStateUntilTimeout))
<BR><BR>[Stack]<UL><LI>Max Depth = 40<LI>Call Chain = SPI_WaitFlagStateUntilTimeout
</UL>
<BR>[Calls]<UL><LI><a href="#[e0]">&gt;&gt;</a>&nbsp;&nbsp;&nbsp;HAL_GetTick
</UL>
<BR>[Called By]<UL><LI><a href="#[116]">&gt;&gt;</a>&nbsp;&nbsp;&nbsp;HAL_SPI_TransmitReceive
<LI><a href="#[115]">&gt;&gt;</a>&nbsp;&nbsp;&nbsp;SPI_EndRxTxTransaction
</UL>

<P><STRONG><a name="[109]"></a>NVIC_GetPriorityGrouping</STRONG> (Thumb, 10 bytes, Stack size 0 bytes, stm32f4xx_hal_cortex.o(i.NVIC_GetPriorityGrouping))
<BR><BR>[Called By]<UL><LI><a href="#[c6]">&gt;&gt;</a>&nbsp;&nbsp;&nbsp;HAL_NVIC_SetPriority
</UL>

<P><STRONG><a name="[10a]"></a>NVIC_SetPriority</STRONG> (Thumb, 32 bytes, Stack size 8 bytes, stm32f4xx_hal_cortex.o(i.NVIC_SetPriority))
<BR><BR>[Stack]<UL><LI>Max Depth = 8<LI>Call Chain = NVIC_SetPriority
</UL>
<BR>[Called By]<UL><LI><a href="#[c6]">&gt;&gt;</a>&nbsp;&nbsp;&nbsp;HAL_NVIC_SetPriority
<LI><a href="#[108]">&gt;&gt;</a>&nbsp;&nbsp;&nbsp;HAL_SYSTICK_Config
</UL>

<P><STRONG><a name="[11a]"></a>UART_SetConfig</STRONG> (Thumb, 546 bytes, Stack size 40 bytes, stm32f4xx_hal_uart.o(i.UART_SetConfig))
<BR><BR>[Stack]<UL><LI>Max Depth = 88<LI>Call Chain = UART_SetConfig &rArr; __aeabi_uldivmod
</UL>
<BR>[Calls]<UL><LI><a href="#[eb]">&gt;&gt;</a>&nbsp;&nbsp;&nbsp;HAL_RCC_GetPCLK1Freq
<LI><a href="#[10e]">&gt;&gt;</a>&nbsp;&nbsp;&nbsp;HAL_RCC_GetPCLK2Freq
<LI><a href="#[10f]">&gt;&gt;</a>&nbsp;&nbsp;&nbsp;__aeabi_uldivmod
</UL>
<BR>[Called By]<UL><LI><a href="#[118]">&gt;&gt;</a>&nbsp;&nbsp;&nbsp;HAL_UART_Init
</UL>

<P><STRONG><a name="[1b3]"></a>ear_protection</STRONG> (Thumb, 116 bytes, Stack size 0 bytes, codec2.o(i.ear_protection))
<BR><BR>[Called By]<UL><LI><a href="#[17d]">&gt;&gt;</a>&nbsp;&nbsp;&nbsp;synthesise_one_frame
</UL>

<P><STRONG><a name="[169]"></a>cheb_poly_eva</STRONG> (Thumb, 178 bytes, Stack size 56 bytes, lsp.o(i.cheb_poly_eva))
<BR><BR>[Stack]<UL><LI>Max Depth = 104<LI>Call Chain = cheb_poly_eva &rArr; malloc &rArr; __Heap_Full &rArr; __Heap_ProvideMemory &rArr; free
</UL>
<BR>[Calls]<UL><LI><a href="#[85]">&gt;&gt;</a>&nbsp;&nbsp;&nbsp;free
<LI><a href="#[82]">&gt;&gt;</a>&nbsp;&nbsp;&nbsp;malloc
</UL>
<BR>[Called By]<UL><LI><a href="#[1aa]">&gt;&gt;</a>&nbsp;&nbsp;&nbsp;lpc_to_lsp
</UL>

<P><STRONG><a name="[152]"></a>codec2_fftr</STRONG> (Thumb, 30 bytes, Stack size 16 bytes, quantise.o(i.codec2_fftr))
<BR><BR>[Stack]<UL><LI>Max Depth = 444<LI>Call Chain = codec2_fftr &rArr; arm_rfft_fast_f32 &rArr; arm_cfft_f32 &rArr; arm_cfft_radix8by4_f32 &rArr; arm_radix8_butterfly_f32
</UL>
<BR>[Calls]<UL><LI><a href="#[166]">&gt;&gt;</a>&nbsp;&nbsp;&nbsp;arm_rfft_fast_f32
</UL>
<BR>[Called By]<UL><LI><a href="#[153]">&gt;&gt;</a>&nbsp;&nbsp;&nbsp;lpc_post_filter
<LI><a href="#[151]">&gt;&gt;</a>&nbsp;&nbsp;&nbsp;aks_to_M2
</UL>

<P><STRONG><a name="[67]"></a>D128_1CH_HTONS_VOL_HP</STRONG> (Thumb, 844 bytes, Stack size 160 bytes, pdm_filter.o(i.D128_1CH_HTONS_VOL_HP))
<BR><BR>[Stack]<UL><LI>Max Depth = 160<LI>Call Chain = D128_1CH_HTONS_VOL_HP
</UL>
<BR>[Calls]<UL><LI><a href="#[da]">&gt;&gt;</a>&nbsp;&nbsp;&nbsp;__asm___12_pdm_filter_c_5676b99f____REV16
</UL>
<BR>[Address Reference Count : 1]<UL><LI> pdm_filter.o(i.PDM_Filter_setConfig)
</UL>
<P><STRONG><a name="[6e]"></a>D128_GENERIC</STRONG> (Thumb, 1036 bytes, Stack size 152 bytes, pdm_filter.o(i.D128_GENERIC))
<BR><BR>[Stack]<UL><LI>Max Depth = 152<LI>Call Chain = D128_GENERIC
</UL>
<BR>[Calls]<UL><LI><a href="#[da]">&gt;&gt;</a>&nbsp;&nbsp;&nbsp;__asm___12_pdm_filter_c_5676b99f____REV16
</UL>
<BR>[Address Reference Count : 1]<UL><LI> pdm_filter.o(i.PDM_Filter_setConfig)
</UL>
<P><STRONG><a name="[61]"></a>D16_1CH_HTONS_VOL_HP</STRONG> (Thumb, 214 bytes, Stack size 72 bytes, pdm_filter.o(i.D16_1CH_HTONS_VOL_HP))
<BR><BR>[Stack]<UL><LI>Max Depth = 72<LI>Call Chain = D16_1CH_HTONS_VOL_HP
</UL>
<BR>[Calls]<UL><LI><a href="#[da]">&gt;&gt;</a>&nbsp;&nbsp;&nbsp;__asm___12_pdm_filter_c_5676b99f____REV16
</UL>
<BR>[Address Reference Count : 1]<UL><LI> pdm_filter.o(i.PDM_Filter_setConfig)
</UL>
<P><STRONG><a name="[68]"></a>D16_GENERIC</STRONG> (Thumb, 260 bytes, Stack size 64 bytes, pdm_filter.o(i.D16_GENERIC))
<BR><BR>[Stack]<UL><LI>Max Depth = 64<LI>Call Chain = D16_GENERIC
</UL>
<BR>[Calls]<UL><LI><a href="#[da]">&gt;&gt;</a>&nbsp;&nbsp;&nbsp;__asm___12_pdm_filter_c_5676b99f____REV16
</UL>
<BR>[Address Reference Count : 1]<UL><LI> pdm_filter.o(i.PDM_Filter_setConfig)
</UL>
<P><STRONG><a name="[62]"></a>D24_1CH_HTONS_VOL_HP</STRONG> (Thumb, 310 bytes, Stack size 64 bytes, pdm_filter.o(i.D24_1CH_HTONS_VOL_HP))
<BR><BR>[Stack]<UL><LI>Max Depth = 64<LI>Call Chain = D24_1CH_HTONS_VOL_HP
</UL>
<BR>[Address Reference Count : 1]<UL><LI> pdm_filter.o(i.PDM_Filter_setConfig)
</UL>
<P><STRONG><a name="[69]"></a>D24_GENERIC</STRONG> (Thumb, 374 bytes, Stack size 60 bytes, pdm_filter.o(i.D24_GENERIC))
<BR><BR>[Stack]<UL><LI>Max Depth = 60<LI>Call Chain = D24_GENERIC
</UL>
<BR>[Address Reference Count : 1]<UL><LI> pdm_filter.o(i.PDM_Filter_setConfig)
</UL>
<P><STRONG><a name="[63]"></a>D32_1CH_HTONS_VOL_HP</STRONG> (Thumb, 310 bytes, Stack size 72 bytes, pdm_filter.o(i.D32_1CH_HTONS_VOL_HP))
<BR><BR>[Stack]<UL><LI>Max Depth = 72<LI>Call Chain = D32_1CH_HTONS_VOL_HP
</UL>
<BR>[Calls]<UL><LI><a href="#[da]">&gt;&gt;</a>&nbsp;&nbsp;&nbsp;__asm___12_pdm_filter_c_5676b99f____REV16
</UL>
<BR>[Address Reference Count : 1]<UL><LI> pdm_filter.o(i.PDM_Filter_setConfig)
</UL>
<P><STRONG><a name="[6a]"></a>D32_GENERIC</STRONG> (Thumb, 370 bytes, Stack size 72 bytes, pdm_filter.o(i.D32_GENERIC))
<BR><BR>[Stack]<UL><LI>Max Depth = 72<LI>Call Chain = D32_GENERIC
</UL>
<BR>[Calls]<UL><LI><a href="#[da]">&gt;&gt;</a>&nbsp;&nbsp;&nbsp;__asm___12_pdm_filter_c_5676b99f____REV16
</UL>
<BR>[Address Reference Count : 1]<UL><LI> pdm_filter.o(i.PDM_Filter_setConfig)
</UL>
<P><STRONG><a name="[64]"></a>D48_1CH_HTONS_VOL_HP</STRONG> (Thumb, 428 bytes, Stack size 120 bytes, pdm_filter.o(i.D48_1CH_HTONS_VOL_HP))
<BR><BR>[Stack]<UL><LI>Max Depth = 120<LI>Call Chain = D48_1CH_HTONS_VOL_HP
</UL>
<BR>[Calls]<UL><LI><a href="#[da]">&gt;&gt;</a>&nbsp;&nbsp;&nbsp;__asm___12_pdm_filter_c_5676b99f____REV16
</UL>
<BR>[Address Reference Count : 1]<UL><LI> pdm_filter.o(i.PDM_Filter_setConfig)
</UL>
<P><STRONG><a name="[6b]"></a>D48_GENERIC</STRONG> (Thumb, 510 bytes, Stack size 112 bytes, pdm_filter.o(i.D48_GENERIC))
<BR><BR>[Stack]<UL><LI>Max Depth = 112<LI>Call Chain = D48_GENERIC
</UL>
<BR>[Calls]<UL><LI><a href="#[da]">&gt;&gt;</a>&nbsp;&nbsp;&nbsp;__asm___12_pdm_filter_c_5676b99f____REV16
</UL>
<BR>[Address Reference Count : 1]<UL><LI> pdm_filter.o(i.PDM_Filter_setConfig)
</UL>
<P><STRONG><a name="[65]"></a>D64_1CH_HTONS_VOL_HP</STRONG> (Thumb, 510 bytes, Stack size 128 bytes, pdm_filter.o(i.D64_1CH_HTONS_VOL_HP))
<BR><BR>[Stack]<UL><LI>Max Depth = 128<LI>Call Chain = D64_1CH_HTONS_VOL_HP
</UL>
<BR>[Calls]<UL><LI><a href="#[da]">&gt;&gt;</a>&nbsp;&nbsp;&nbsp;__asm___12_pdm_filter_c_5676b99f____REV16
</UL>
<BR>[Address Reference Count : 1]<UL><LI> pdm_filter.o(i.PDM_Filter_setConfig)
</UL>
<P><STRONG><a name="[6c]"></a>D64_GENERIC</STRONG> (Thumb, 560 bytes, Stack size 120 bytes, pdm_filter.o(i.D64_GENERIC))
<BR><BR>[Stack]<UL><LI>Max Depth = 120<LI>Call Chain = D64_GENERIC
</UL>
<BR>[Calls]<UL><LI><a href="#[da]">&gt;&gt;</a>&nbsp;&nbsp;&nbsp;__asm___12_pdm_filter_c_5676b99f____REV16
</UL>
<BR>[Address Reference Count : 1]<UL><LI> pdm_filter.o(i.PDM_Filter_setConfig)
</UL>
<P><STRONG><a name="[66]"></a>D80_1CH_HTONS_VOL_HP</STRONG> (Thumb, 610 bytes, Stack size 136 bytes, pdm_filter.o(i.D80_1CH_HTONS_VOL_HP))
<BR><BR>[Stack]<UL><LI>Max Depth = 136<LI>Call Chain = D80_1CH_HTONS_VOL_HP
</UL>
<BR>[Calls]<UL><LI><a href="#[da]">&gt;&gt;</a>&nbsp;&nbsp;&nbsp;__asm___12_pdm_filter_c_5676b99f____REV16
</UL>
<BR>[Address Reference Count : 1]<UL><LI> pdm_filter.o(i.PDM_Filter_setConfig)
</UL>
<P><STRONG><a name="[6d]"></a>D80_GENERIC</STRONG> (Thumb, 746 bytes, Stack size 128 bytes, pdm_filter.o(i.D80_GENERIC))
<BR><BR>[Stack]<UL><LI>Max Depth = 128<LI>Call Chain = D80_GENERIC
</UL>
<BR>[Calls]<UL><LI><a href="#[da]">&gt;&gt;</a>&nbsp;&nbsp;&nbsp;__asm___12_pdm_filter_c_5676b99f____REV16
</UL>
<BR>[Address Reference Count : 1]<UL><LI> pdm_filter.o(i.PDM_Filter_setConfig)
</UL>
<P><STRONG><a name="[1c3]"></a>_dadd1</STRONG> (Thumb, 0 bytes, Stack size unknown bytes, daddsub_clz.o(x$fpl$dadd), UNUSED)
<BR><BR>[Called By]<UL><LI><a href="#[1c2]">&gt;&gt;</a>&nbsp;&nbsp;&nbsp;_dsub
</UL>

<P><STRONG><a name="[1b9]"></a>_dsub1</STRONG> (Thumb, 0 bytes, Stack size unknown bytes, daddsub_clz.o(x$fpl$dsub), UNUSED)
<BR><BR>[Called By]<UL><LI><a href="#[1b8]">&gt;&gt;</a>&nbsp;&nbsp;&nbsp;_dadd
</UL>
<P>
<H3>
Undefined Global Symbols
</H3><HR></body></html>
