lsm303agr.c:135:6:LSM303AGR_AccDeInit	0	static
lsm303agr.c:114:6:LSM303AGR_AccInit	8	static
lsm303agr.c:144:9:LSM303AGR_AccReadID	8	static
lsm303agr.c:162:6:LSM303AGR_AccRebootCmd	8	static
lsm303agr.c:181:6:LSM303AGR_AccFilterConfig	8	static
lsm303agr.c:203:6:LSM303AGR_AccFilterCmd	8	static
lsm303agr.c:223:6:LSM303AGR_AccReadXYZ	32	static
lsm303agr.c:292:6:LSM303AGR_AccFilterClickCmd	8	static
lsm303agr.c:320:6:LSM303AGR_AccIT1Enable	8	static
lsm303agr.c:347:6:LSM303AGR_AccIT1Disable	8	static
lsm303agr.c:373:6:LSM303AGR_AccIT2Enable	8	static
lsm303agr.c:399:6:LSM303AGR_AccIT2Disable	8	static
lsm303agr.c:419:6:LSM303AGR_AccINT1InterruptEnable	16	static
lsm303agr.c:439:6:LSM303AGR_AccINT1InterruptDisable	16	static
lsm303agr.c:459:6:LSM303AGR_AccINT2InterruptEnable	16	static
lsm303agr.c:479:6:LSM303AGR_AccINT2InterruptDisable	16	static
lsm303agr.c:498:6:LSM303AGR_AccClickITEnable	8	static
lsm303agr.c:551:6:LSM303AGR_AccZClickITConfig	8	static
lsm303agr.c:532:6:LSM303AGR_AccClickITDisable	8	static
