stm32f411e_discovery.c:409:13:SPIx_Init	40	static
stm32f411e_discovery.c:444:16:SPIx_WriteRead	32	static
stm32f411e_discovery.c:292:13:I2Cx_Init	48	static
stm32f411e_discovery.c:338:16:I2Cx_ReadData	32	static
stm32f411e_discovery.c:318:13:I2Cx_WriteData	32	static
stm32f411e_discovery.c:157:10:BSP_GetVersion	0	static
stm32f411e_discovery.c:171:6:BSP_LED_Init	56	static
stm32f411e_discovery.c:198:6:BSP_LED_On	0	static
stm32f411e_discovery.c:212:6:BSP_LED_Off	0	static
stm32f411e_discovery.c:226:6:BSP_LED_Toggle	0	static
stm32f411e_discovery.c:241:6:BSP_PB_Init	32	static
stm32f411e_discovery.c:278:10:BSP_PB_GetState	8	static
stm32f411e_discovery.c:501:6:GYRO_IO_Init	56	static
stm32f411e_discovery.c:534:6:GYRO_IO_Write	16	static
stm32f411e_discovery.c:568:6:GYRO_IO_Read	16	static
stm32f411e_discovery.c:603:6:AUDIO_IO_Init	48	static
stm32f411e_discovery.c:635:6:AUDIO_IO_DeInit	0	static
stm32f411e_discovery.c:646:6:AUDIO_IO_Write	0	static
stm32f411e_discovery.c:657:9:AUDIO_IO_Read	0	static
stm32f411e_discovery.c:667:6:COMPASSACCELERO_IO_Init	32	static
stm32f411e_discovery.c:687:6:COMPASSACCELERO_IO_ITConfig	32	static
stm32f411e_discovery.c:712:6:COMPASSACCELERO_IO_Write	0	static
stm32f411e_discovery.c:724:9:COMPASSACCELERO_IO_Read	0	static
