stm32f411e_discovery_audio.c:688:16:I2S3_Init	8	static
stm32f411e_discovery_audio.c:266:9:BSP_AUDIO_OUT_Play	16	static
stm32f411e_discovery_audio.c:288:6:BSP_AUDIO_OUT_ChangeBuffer	0	static
stm32f411e_discovery_audio.c:301:9:BSP_AUDIO_OUT_Pause	8	static
stm32f411e_discovery_audio.c:325:9:BSP_AUDIO_OUT_Resume	8	static
stm32f411e_discovery_audio.c:349:9:BSP_AUDIO_OUT_Stop	16	static
stm32f411e_discovery_audio.c:381:9:BSP_AUDIO_OUT_SetVolume	8	static
stm32f411e_discovery_audio.c:401:9:BSP_AUDIO_OUT_SetMute	8	static
stm32f411e_discovery_audio.c:423:9:BSP_AUDIO_OUT_SetOutputMode	8	static
stm32f411e_discovery_audio.c:443:6:BSP_AUDIO_OUT_SetFrequency	32	static
stm32f411e_discovery_audio.c:510:13:BSP_AUDIO_OUT_ClockConfig	40	static
stm32f411e_discovery_audio.c:554:13:BSP_AUDIO_OUT_MspInit	56	static
stm32f411e_discovery_audio.c:214:9:BSP_AUDIO_OUT_Init	24	static
stm32f411e_discovery_audio.c:624:13:BSP_AUDIO_OUT_MspDeInit	8	static
stm32f411e_discovery_audio.c:662:13:BSP_AUDIO_OUT_TransferComplete_CallBack	0	static
stm32f411e_discovery_audio.c:479:6:HAL_I2S_TxCpltCallback	8	static
stm32f411e_discovery_audio.c:669:13:BSP_AUDIO_OUT_HalfTransfer_CallBack	0	static
stm32f411e_discovery_audio.c:492:6:HAL_I2S_TxHalfCpltCallback	8	static
stm32f411e_discovery_audio.c:676:13:BSP_AUDIO_OUT_Error_CallBack	0	static
stm32f411e_discovery_audio.c:762:9:BSP_AUDIO_IN_Record	8	static
stm32f411e_discovery_audio.c:778:9:BSP_AUDIO_IN_Stop	8	static
stm32f411e_discovery_audio.c:795:9:BSP_AUDIO_IN_Pause	8	static
stm32f411e_discovery_audio.c:808:9:BSP_AUDIO_IN_Resume	8	static
stm32f411e_discovery_audio.c:823:9:BSP_AUDIO_IN_SetVolume	0	static
stm32f411e_discovery_audio.c:838:9:BSP_AUDIO_IN_PDMToPCM	144	static
stm32f411e_discovery_audio.c:894:13:BSP_AUDIO_IN_ClockConfig	32	static
stm32f411e_discovery_audio.c:930:13:BSP_AUDIO_IN_MspInit	64	static
stm32f411e_discovery_audio.c:731:9:BSP_AUDIO_IN_Init	48	static
stm32f411e_discovery_audio.c:996:13:BSP_AUDIO_IN_MspDeInit	8	static
stm32f411e_discovery_audio.c:1028:13:BSP_AUDIO_IN_TransferComplete_CallBack	0	static
stm32f411e_discovery_audio.c:869:6:HAL_I2S_RxCpltCallback	8	static
stm32f411e_discovery_audio.c:1038:13:BSP_AUDIO_IN_HalfTransfer_CallBack	0	static
stm32f411e_discovery_audio.c:879:6:HAL_I2S_RxHalfCpltCallback	8	static
stm32f411e_discovery_audio.c:1048:13:BSP_AUDIO_IN_Error_Callback	0	static
stm32f411e_discovery_audio.c:1136:6:HAL_I2S_ErrorCallback	8	static
